2026-01-30 18:21:29.911  2916-4484  MiInputDispatcher       system_server                        E        13: name=Background for e4ec3a SurfaceView[com.app.ralaunch/com.app.ralaunch.ui.game.GameActivity]#104368, id=-2147284571, displayId=601, inputConfig=NO_INPUT_CHANNEL | CLONE, miuiFlags=0x0, alpha=1, frame=[8,140][8,140], globalScale=1, applicationInfo.name=, applicationInfo.token=<null>, touchableRegion=<empty>, ownerPid=28360, ownerUid=11393, dispatchingTimeout=5000ms, token=0x0, touchOcclusionMode=USE_OPACITY, needMiuiEmbeddedEventMapping=0, miuiEmbeddedHotRegion=<empty>, miuiEmbeddedMidRegion=<empty>, canOccludePresentation
2026-01-30 18:21:29.912  2916-4484  MiInputDispatcher       system_server                        E        12: name=7df9626 com.app.ralaunch/com.app.ralaunch.ui.game.GameActivity, id=104364, displayId=0, inputConfig=NO_INPUT_CHANNEL | NOT_FOCUSABLE | NOT_TOUCHABLE, miuiFlags=0x0, alpha=1, frame=[351,179][976,1568], globalScale=1, applicationInfo.name=ActivityRecord{120192945 u0 com.app.ralaunch/.ui.game.GameActivity t419}, applicationInfo.token=0xb400006f580bf850, touchableRegion=<empty>, ownerPid=28360, ownerUid=11393, dispatchingTimeout=0ms, token=0x0, touchOcclusionMode=USE_OPACITY, needMiuiEmbeddedEventMapping=0, miuiEmbeddedHotRegion=<empty>, miuiEmbeddedMidRegion=<empty>, canOccludePresentation
2026-01-30 18:21:29.912  2916-4484  MiInputDispatcher       system_server                        E        13: name=e4ec3a SurfaceView[com.app.ralaunch/com.app.ralaunch.ui.game.GameActivity](BLAST)#104367, id=104367, displayId=0, inputConfig=NO_INPUT_CHANNEL, miuiFlags=0x0, alpha=1, frame=[351,179][976,1568], globalScale=1, applicationInfo.name=, applicationInfo.token=<null>, touchableRegion=<empty>, ownerPid=28360, ownerUid=11393, dispatchingTimeout=5000ms, token=0x0, touchOcclusionMode=USE_OPACITY, needMiuiEmbeddedEventMapping=0, miuiEmbeddedHotRegion=<empty>, miuiEmbeddedMidRegion=<empty>, canOccludePresentation
2026-01-30 18:21:29.912  2916-4484  MiInputDispatcher       system_server                        E        14: name=Background for e4ec3a SurfaceView[com.app.ralaunch/com.app.ralaunch.ui.game.GameActivity]#104368, id=104368, displayId=0, inputConfig=NO_INPUT_CHANNEL, miuiFlags=0x0, alpha=1, frame=[976,179][976,179], globalScale=1, applicationInfo.name=, applicationInfo.token=<null>, touchableRegion=<empty>, ownerPid=28360, ownerUid=11393, dispatchingTimeout=5000ms, token=0x0, touchOcclusionMode=USE_OPACITY, needMiuiEmbeddedEventMapping=0, miuiEmbeddedHotRegion=<empty>, miuiEmbeddedMidRegion=<empty>, canOccludePresentation
2026-01-30 18:21:29.912  2916-4484  MiInputDispatcher       system_server                        E      1066: channelName='7df9626 com.app.ralaunch/com.app.ralaunch.ui.game.GameActivity', status=NORMAL, monitor=false, responsive=true
2026-01-30 18:21:29.912  2916-4484  MiInputDispatcher       system_server                        E      1026: channelName='f629530 com.app.ralaunch/com.app.ralaunch.ui.main.MainActivityCompose', status=NORMAL, monitor=false, responsive=true
2026-01-30 18:21:29.932  2916-4484  MiInputDispatcher       system_server                        E        11: name=7df9626 com.app.ralaunch/com.app.ralaunch.ui.game.GameActivity, id=-2147284575, displayId=601, inputConfig=NO_INPUT_CHANNEL | NOT_FOCUSABLE | NOT_TOUCHABLE | CLONE, miuiFlags=0x0, alpha=1, frame=[8,140][67,166], globalScale=1, applicationInfo.name=ActivityRecord{120192945 u0 com.app.ralaunch/.ui.game.GameActivity t419}, applicationInfo.token=0xb400006f580bf850, touchableRegion=<empty>, ownerPid=28360, ownerUid=11393, dispatchingTimeout=0ms, token=0x0, touchOcclusionMode=USE_OPACITY, needMiuiEmbeddedEventMapping=0, miuiEmbeddedHotRegion=<empty>, miuiEmbeddedMidRegion=<empty>, canOccludePresentation
2026-01-30 18:21:29.932  2916-4484  MiInputDispatcher       system_server                        E        12: name=e4ec3a SurfaceView[com.app.ralaunch/com.app.ralaunch.ui.game.GameActivity](BLAST)#104367, id=-2147284572, displayId=601, inputConfig=NO_INPUT_CHANNEL | CLONE, miuiFlags=0x0, alpha=1, frame=[8,140][67,166], globalScale=1, applicationInfo.name=, applicationInfo.token=<null>, touchableRegion=<empty>, ownerPid=28360, ownerUid=11393, dispatchingTimeout=5000ms, token=0x0, touchOcclusionMode=USE_OPACITY, needMiuiEmbeddedEventMapping=0, miuiEmbeddedHotRegion=<empty>, miuiEmbeddedMidRegion=<empty>, canOccludePresentation
2026-01-30 18:21:29.932  2916-4484  MiInputDispatcher       system_server                        E        13: name=Background for e4ec3a SurfaceView[com.app.ralaunch/com.app.ralaunch.ui.game.GameActivity]#104368, id=-2147284571, displayId=601, inputConfig=NO_INPUT_CHANNEL | CLONE, miuiFlags=0x0, alpha=1, frame=[8,140][8,140], globalScale=1, applicationInfo.name=, applicationInfo.token=<null>, touchableRegion=<empty>, ownerPid=28360, ownerUid=11393, dispatchingTimeout=5000ms, token=0x0, touchOcclusionMode=USE_OPACITY, needMiuiEmbeddedEventMapping=0, miuiEmbeddedHotRegion=<empty>, miuiEmbeddedMidRegion=<empty>, canOccludePresentation
2026-01-30 18:21:29.932  2916-4484  MiInputDispatcher       system_server                        E        12: name=7df9626 com.app.ralaunch/com.app.ralaunch.ui.game.GameActivity, id=104364, displayId=0, inputConfig=NO_INPUT_CHANNEL | NOT_FOCUSABLE | NOT_TOUCHABLE, miuiFlags=0x0, alpha=1, frame=[351,179][976,1568], globalScale=1, applicationInfo.name=ActivityRecord{120192945 u0 com.app.ralaunch/.ui.game.GameActivity t419}, applicationInfo.token=0xb400006f580bf850, touchableRegion=<empty>, ownerPid=28360, ownerUid=11393, dispatchingTimeout=0ms, token=0x0, touchOcclusionMode=USE_OPACITY, needMiuiEmbeddedEventMapping=0, miuiEmbeddedHotRegion=<empty>, miuiEmbeddedMidRegion=<empty>, canOccludePresentation
2026-01-30 18:21:29.932  2916-4484  MiInputDispatcher       system_server                        E        13: name=e4ec3a SurfaceView[com.app.ralaunch/com.app.ralaunch.ui.game.GameActivity](BLAST)#104367, id=104367, displayId=0, inputConfig=NO_INPUT_CHANNEL, miuiFlags=0x0, alpha=1, frame=[351,179][976,1568], globalScale=1, applicationInfo.name=, applicationInfo.token=<null>, touchableRegion=<empty>, ownerPid=28360, ownerUid=11393, dispatchingTimeout=5000ms, token=0x0, touchOcclusionMode=USE_OPACITY, needMiuiEmbeddedEventMapping=0, miuiEmbeddedHotRegion=<empty>, miuiEmbeddedMidRegion=<empty>, canOccludePresentation
2026-01-30 18:21:29.932  2916-4484  MiInputDispatcher       system_server                        E        14: name=Background for e4ec3a SurfaceView[com.app.ralaunch/com.app.ralaunch.ui.game.GameActivity]#104368, id=104368, displayId=0, inputConfig=NO_INPUT_CHANNEL, miuiFlags=0x0, alpha=1, frame=[976,179][976,179], globalScale=1, applicationInfo.name=, applicationInfo.token=<null>, touchableRegion=<empty>, ownerPid=28360, ownerUid=11393, dispatchingTimeout=5000ms, token=0x0, touchOcclusionMode=USE_OPACITY, needMiuiEmbeddedEventMapping=0, miuiEmbeddedHotRegion=<empty>, miuiEmbeddedMidRegion=<empty>, canOccludePresentation
2026-01-30 18:21:29.932  2916-4484  MiInputDispatcher       system_server                        E      1066: channelName='7df9626 com.app.ralaunch/com.app.ralaunch.ui.game.GameActivity', status=NORMAL, monitor=false, responsive=true
2026-01-30 18:21:29.932  2916-4484  MiInputDispatcher       system_server                        E      1026: channelName='f629530 com.app.ralaunch/com.app.ralaunch.ui.main.MainActivityCompose', status=NORMAL, monitor=false, responsive=true
2026-01-30 18:21:29.963 28360-28360 VRI[GameActivity]       com.app.ralaunch                     D  visibilityChanged oldVisibility=true newVisibility=false
2026-01-30 18:21:29.976 28360-28360 SDL                     com.app.ralaunch                     V  nativePause()
2026-01-30 18:21:29.994  4348-4348  DensityAdapter          com.app.ralaunch                     D  系统字体大小变化，更新 scaledDensity: 2.625
2026-01-30 18:21:30.411 28360-961   AudioTrackImpl          com.app.ralaunch                     D  [audioTrackData][zero] 1s(f:59439 m:30 s:0 k:0 z:1041) : pid 28360 uid 11393 sessionId 19081 sr 48000 ch 2 fmt 5
2026-01-30 18:21:30.444  5273-6883  ActivityManagerWrapper  com.miui.home                        E  getRecentTasksForceIncludingTaskIdIfValid: getRecentTasks: size=6
                                                                                                     mainTaskId=413   userId=0   windowMode=1   baseIntent=Intent { act=android.intent.action.SEND flag=453509121 cmp=ComponentInfo{com.tencent.mobileqq/com.tencent.mobileqq.activity.JumpActivity} }
                                                                                                     mainTaskId=419   userId=0   windowMode=1   baseIntent=Intent { act=android.intent.action.MAIN flag=268435456 cmp=ComponentInfo{com.app.ralaunch/com.app.ralaunch.ui.init.InitializationActivity} }
                                                                                                     mainTaskId=390   userId=0   windowMode=1   baseIntent=Intent { act=android.intent.action.MAIN flag=270532608 cmp=ComponentInfo{com.tencent.mobileqq/com.tencent.mobileqq.activity.SplashActivity} }
                                                                                                     mainTaskId=399   userId=0   windowMode=1   baseIntent=Intent { act=android.intent.action.MAIN flag=270532608 cmp=ComponentInfo{bin.mt.plus/bin.mt.plus.MainLightIcon} }
                                                                                                     mainTaskId=405   userId=0   windowMode=1   baseIntent=Intent { act=android.intent.action.SEND flag=268435457 cmp=ComponentInfo{com.vivo.easyshare/com.vivo.easyshare.activity.TransferQrCodeActivity} }
                                                                                                     mainTaskId=396   userId=0   windowMode=1   baseIntent=Intent { act=android.intent.action.MAIN flag=270532608 cmp=ComponentInfo{com.android.settings/com.android.settings.MainSettings} }
2026-01-30 18:21:30.542 28360-957   AudioTrackImpl          com.app.ralaunch                     D  [audioTrackData][zero] 10s(f:17552 m:0 s:0 k:0 z:10079) : pid 28360 uid 11393 sessionId 19073 sr 48000 ch 2 fmt 5
2026-01-30 18:21:30.543  5273-6883  ActivityManagerWrapper  com.miui.home                        E  getRecentTasksForceIncludingTaskIdIfValid: getRecentTasks: size=6
                                                                                                     mainTaskId=413   userId=0   windowMode=1   baseIntent=Intent { act=android.intent.action.SEND flag=453509121 cmp=ComponentInfo{com.tencent.mobileqq/com.tencent.mobileqq.activity.JumpActivity} }
                                                                                                     mainTaskId=419   userId=0   windowMode=1   baseIntent=Intent { act=android.intent.action.MAIN flag=268435456 cmp=ComponentInfo{com.app.ralaunch/com.app.ralaunch.ui.init.InitializationActivity} }
                                                                                                     mainTaskId=390   userId=0   windowMode=1   baseIntent=Intent { act=android.intent.action.MAIN flag=270532608 cmp=ComponentInfo{com.tencent.mobileqq/com.tencent.mobileqq.activity.SplashActivity} }
                                                                                                     mainTaskId=399   userId=0   windowMode=1   baseIntent=Intent { act=android.intent.action.MAIN flag=270532608 cmp=ComponentInfo{bin.mt.plus/bin.mt.plus.MainLightIcon} }
                                                                                                     mainTaskId=405   userId=0   windowMode=1   baseIntent=Intent { act=android.intent.action.SEND flag=268435457 cmp=ComponentInfo{com.vivo.easyshare/com.vivo.easyshare.activity.TransferQrCodeActivity} }
                                                                                                     mainTaskId=396   userId=0   windowMode=1   baseIntent=Intent { act=android.intent.action.MAIN flag=270532608 cmp=ComponentInfo{com.android.settings/com.android.settings.MainSettings} }
2026-01-30 18:21:30.679 28360-924   AAudio                  com.app.ralaunch                     D  AAudioStream_requestPause(s#2) called
2026-01-30 18:21:30.679 28360-924   AAudioStream            com.app.ralaunch                     D  setState(s#2) from 4 to 5
2026-01-30 18:21:30.680 28360-924   AudioTrack              com.app.ralaunch                     I  pause(sessionID=19081) pause(2259): prior state:STATE_ACTIVE packageName: com.app.ralaunch
2026-01-30 18:21:30.681  2916-16213 AppOps                  system_server                        E  attributionTag  not declared in manifest of com.app.ralaunch
2026-01-30 18:21:30.681  2916-7191  AppOps                  system_server                        E  attributionTag  not declared in manifest of com.app.ralaunch
2026-01-30 18:21:30.690 28360-28360 p.ralaunch:game         com.app.ralaunch                     W  Binder 0xb400006f5801db00 destroyed after setInheritRt before being parceled.
2026-01-30 18:21:30.708 28360-28360 p.ralaunch:game         com.app.ralaunch                     W  Binder 0xb400006f57f8d0e0 destroyed after setInheritRt before being parceled.
2026-01-30 18:21:30.737 28360-28360 DensityAdapter          com.app.ralaunch                     D  系统字体大小变化，更新 scaledDensity: 2.625
2026-01-30 18:21:30.746 28360-28360 InsetsController        com.app.ralaunch                     D  Setting requestedVisibleTypes to -9 (was -16)
2026-01-30 18:21:31.506 28360-957   AudioTrackImpl          com.app.ralaunch                     D  [audioTrackData][zero] 11s(f:17552 m:0 s:0 k:0 z:11043) : pid 28360 uid 11393 sessionId 19073 sr 48000 ch 2 fmt 5
2026-01-30 18:21:32.535  2916-7191  ClipboardService        system_server                        E  Denying clipboard access to com.app.ralaunch, application is not in focus nor is it a system service for user 0
2026-01-30 18:21:32.544 28360-957   AudioTrackImpl          com.app.ralaunch                     D  [audioTrackData][zero] 12s(f:17552 m:0 s:0 k:0 z:12081) : pid 28360 uid 11393 sessionId 19073 sr 48000 ch 2 fmt 5
2026-01-30 18:21:33.283  2916-4484  MiInputDispatcher       system_server                        E      1066: channelName='7df9626 com.app.ralaunch/com.app.ralaunch.ui.game.GameActivity', status=NORMAL, monitor=false, responsive=true
2026-01-30 18:21:33.283  2916-4484  MiInputDispatcher       system_server                        E      1026: channelName='f629530 com.app.ralaunch/com.app.ralaunch.ui.main.MainActivityCompose', status=NORMAL, monitor=false, responsive=true
2026-01-30 18:21:33.363  5273-6883  ActivityManagerWrapper  com.miui.home                        E  getRecentTasksForceIncludingTaskIdIfValid: getRecentTasks: size=6
                                                                                                     mainTaskId=413   userId=0   windowMode=1   baseIntent=Intent { act=android.intent.action.SEND flag=453509121 cmp=ComponentInfo{com.tencent.mobileqq/com.tencent.mobileqq.activity.JumpActivity} }
                                                                                                     mainTaskId=419   userId=0   windowMode=1   baseIntent=Intent { act=android.intent.action.MAIN flag=268435456 cmp=ComponentInfo{com.app.ralaunch/com.app.ralaunch.ui.init.InitializationActivity} }
                                                                                                     mainTaskId=390   userId=0   windowMode=1   baseIntent=Intent { act=android.intent.action.MAIN flag=270532608 cmp=ComponentInfo{com.tencent.mobileqq/com.tencent.mobileqq.activity.SplashActivity} }
                                                                                                     mainTaskId=399   userId=0   windowMode=1   baseIntent=Intent { act=android.intent.action.MAIN flag=270532608 cmp=ComponentInfo{bin.mt.plus/bin.mt.plus.MainLightIcon} }
                                                                                                     mainTaskId=405   userId=0   windowMode=1   baseIntent=Intent { act=android.intent.action.SEND flag=268435457 cmp=ComponentInfo{com.vivo.easyshare/com.vivo.easyshare.activity.TransferQrCodeActivity} }
                                                                                                     mainTaskId=396   userId=0   windowMode=1   baseIntent=Intent { act=android.intent.action.MAIN flag=270532608 cmp=ComponentInfo{com.android.settings/com.android.settings.MainSettings} }
2026-01-30 18:21:33.446  5273-6883  ActivityManagerWrapper  com.miui.home                        E  getRecentTasksForceIncludingTaskIdIfValid: getRecentTasks: size=6
                                                                                                     mainTaskId=413   userId=0   windowMode=1   baseIntent=Intent { act=android.intent.action.SEND flag=453509121 cmp=ComponentInfo{com.tencent.mobileqq/com.tencent.mobileqq.activity.JumpActivity} }
                                                                                                     mainTaskId=419   userId=0   windowMode=1   baseIntent=Intent { act=android.intent.action.MAIN flag=268435456 cmp=ComponentInfo{com.app.ralaunch/com.app.ralaunch.ui.init.InitializationActivity} }
                                                                                                     mainTaskId=390   userId=0   windowMode=1   baseIntent=Intent { act=android.intent.action.MAIN flag=270532608 cmp=ComponentInfo{com.tencent.mobileqq/com.tencent.mobileqq.activity.SplashActivity} }
                                                                                                     mainTaskId=399   userId=0   windowMode=1   baseIntent=Intent { act=android.intent.action.MAIN flag=270532608 cmp=ComponentInfo{bin.mt.plus/bin.mt.plus.MainLightIcon} }
                                                                                                     mainTaskId=405   userId=0   windowMode=1   baseIntent=Intent { act=android.intent.action.SEND flag=268435457 cmp=ComponentInfo{com.vivo.easyshare/com.vivo.easyshare.activity.TransferQrCodeActivity} }
                                                                                                     mainTaskId=396   userId=0   windowMode=1   baseIntent=Intent { act=android.intent.action.MAIN flag=270532608 cmp=ComponentInfo{com.android.settings/com.android.settings.MainSettings} }
2026-01-30 18:21:33.450  2916-5094  ClipboardService        system_server                        E  Denying clipboard access to com.app.ralaunch, application is not in focus nor is it a system service for user 0
2026-01-30 18:21:33.506 28360-957   AudioTrackImpl          com.app.ralaunch                     D  [audioTrackData][zero] 13s(f:17552 m:0 s:0 k:0 z:13043) : pid 28360 uid 11393 sessionId 19073 sr 48000 ch 2 fmt 5
2026-01-30 18:21:34.128 28360-28360 DensityAdapter          com.app.ralaunch                     D  系统字体大小变化，更新 scaledDensity: 2.625
2026-01-30 18:21:34.142 28360-955   AppScoutStateMachine    com.app.ralaunch                     D  28360-ScoutStateMachinecreated
2026-01-30 18:21:34.145 28360-28360 Activity                com.app.ralaunch                     D  Activity = ActivityInfo{a4697df com.app.ralaunch.ui.game.GameActivity}, Resume onConfigurationChanged = {1.0 460mcc1mnc [zh_CN] ldltr sw411dp w914dp h411dp 420dpi nrml long hdr widecg land finger -keyb/v/h -nav/h winConfig={ mBounds=Rect(0, 0 - 2400, 1080) mAppBounds=Rect(0, 0 - 2400, 1080) mMaxBounds=Rect(0, 0 - 2400, 1080) mDisplayRotation=ROTATION_90 mWindowingMode=fullscreen mActivityType=standard mAlwaysOnTop=undefined mRotation=ROTATION_90 mInSplitScreen=false letterBoxed=false foScaled=false isSpecificEmbedded=false} s.2 fontWeightAdjustment=0/d/0 themeChanged=0 themeChangedFlags=0 display=0 extraData = Bundle[{}] screenType=0/0}
2026-01-30 18:21:34.146 28360-28360 SecurityManager         com.app.ralaunch                     D  checkAccessControl flag0
2026-01-30 18:21:34.148 28360-901   ContentCatcher          com.app.ralaunch                     I  SettingTrigger : register screen QA status observer com.app.ralaunch.ui.game.GameActivity
2026-01-30 18:21:34.172 28360-28360 libc                    com.app.ralaunch                     W  Access denied finding property "vendor.display.enable_optimal_refresh_rate"
2026-01-30 18:21:34.173 28360-960   BLASTBufferQueue        com.app.ralaunch                     D  onGameOptimizeParameter: new GameOptimizeInfo game: no valid app, VsyncBuffergame: no valid app, mOptimizeEnable: 0, mSuperTouchEnable: 0,mVsyncBufferEnable: 0,mPendingBufferEnable 0,mNeedDynamicDropBuffer: 0, mNeedFirstFrameDropBuffer: 0
2026-01-30 18:21:34.174 28360-28360 libc                    com.app.ralaunch                     W  Access denied finding property "vendor.display.enable_optimal_refresh_rate"
2026-01-30 18:21:34.189  9637-11725 SuggestManager          com.miui.securitycenter.remote       E  openApp name = com.app.ralaunch
2026-01-30 18:21:34.189 28360-28360 ViewRootImplStubImpl    com.app.ralaunch                     V  onSurfaceViewAttached, do not sync surface view
                                                                                                    , vri:android.view.ViewRootImpl@34e9a16, com.app.ralaunch/com.app.ralaunch.ui.game.GameActivity
                                                                                                    , surfaceView:org.libsdl.app.SDLSurface{e4ec3a VFE...... .F...... 0,0-2400,1080 aid=1073741824}, SurfaceView[com.app.ralaunch/com.app.ralaunch.ui.game.GameActivity]
                                                                                                    , vri size:2400x1080
                                                                                                    , surfaceView size:2400x1080
2026-01-30 18:21:34.190 28360-28360 libc                    com.app.ralaunch                     W  Access denied finding property "vendor.display.enable_optimal_refresh_rate"
2026-01-30 18:21:34.190 28360-960   BLASTBufferQueue        com.app.ralaunch                     D  onGameOptimizeParameter: new GameOptimizeInfo game: no valid app, VsyncBuffergame: no valid app, mOptimizeEnable: 0, mSuperTouchEnable: 0,mVsyncBufferEnable: 0,mPendingBufferEnable 0,mNeedDynamicDropBuffer: 0, mNeedFirstFrameDropBuffer: 0
2026-01-30 18:21:34.190 28360-28360 libc                    com.app.ralaunch                     W  Access denied finding property "vendor.display.enable_optimal_refresh_rate"
2026-01-30 18:21:34.190 28360-28360 SDL_JNI                 com.app.ralaunch                     I  Android_JNI_GetNativeWindow called
2026-01-30 18:21:34.190 28360-28360 SDL_JNI                 com.app.ralaunch                     I    env=0xb400006e27f56710, mActivityClass=0x2f5a, midGetNativeSurface=0x1b
2026-01-30 18:21:34.191 28360-28360 SDL                     com.app.ralaunch                     I  getNativeSurface() called from JNI
2026-01-30 18:21:34.191 28360-28360 SDL                     com.app.ralaunch                     I    mSingleton=com.app.ralaunch.ui.game.GameActivity@c0ef285, mSurface=org.libsdl.app.SDLSurface{e4ec3a VFE...... .F...... 0,0-2400,1080 aid=1073741824}
2026-01-30 18:21:34.191 28360-28360 SDL                     com.app.ralaunch                     I    mSurface.getNativeSurface() returned: Surface(name=null mNativeObject=-5476376673497027408)/@0xf23aa2d
2026-01-30 18:21:34.191 28360-28360 SDL                     com.app.ralaunch                     I    mSurface.mIsSurfaceReady=false
2026-01-30 18:21:34.191 28360-28360 SDL_JNI                 com.app.ralaunch                     I    getNativeSurface() returned: 0x70bbbb7029
2026-01-30 18:21:34.191 28360-28360 SDL_JNI                 com.app.ralaunch                     I    ANativeWindow_fromSurface returned: 0xb400006e37f96cc0
2026-01-30 18:21:34.191 28360-28360 SDL/APP                 com.app.ralaunch                     I  pixel format wanted SDL_PIXELFORMAT_RGBA8888 (1), got SDL_PIXELFORMAT_RGBA8888 (1)
2026-01-30 18:21:34.191 28360-28360 VRI[GameActivity]       com.app.ralaunch                     D  vri.reportNextDraw 0 Rect(0, 0 - 2400, 1080) android.view.ViewRootImpl.performTraversals:5477 android.view.ViewRootImpl.doTraversal:4036 android.view.ViewRootImpl$TraversalRunnable.run:12396 android.view.Choreographer$CallbackRecord.run:2022 android.view.Choreographer$CallbackRecord.run:2031 
2026-01-30 18:21:34.191 28360-28360 SurfaceView             com.app.ralaunch                     D  UPDATE Surface(name=e4ec3a SurfaceView[com.app.ralaunch/com.app.ralaunch.ui.game.GameActivity]#104481)/@0x42caf79, mIsProjectionMode = false
2026-01-30 18:21:34.192 28360-28360 VRI[GameActivity]       com.app.ralaunch                     D  vri.Setup new sync=wmsSync-VRI[GameActivity]#11
2026-01-30 18:21:34.194 28360-901   ContentCatcher          com.app.ralaunch                     I  SettingTrigger : register global collect status observer com.app.ralaunch.ui.game.GameActivity
2026-01-30 18:21:34.195 28360-901   ContentCatcher          com.app.ralaunch                     I  SettingTrigger : registerUIAgentListener com.app.ralaunch.ui.game.GameActivity, uid:11393
2026-01-30 18:21:34.210 28360-28360 VRI[GameActivity]       com.app.ralaunch                     D  vri.reportDrawFinished 0 0 Rect(0, 0 - 2400, 1080)
2026-01-30 18:21:34.211 28360-28360 VRI[GameActivity]       com.app.ralaunch                     D  vri.reportNextDraw 0 Rect(0, 0 - 2400, 1080) android.view.ViewRootImpl.handleResized:3166 android.view.ViewRootImpl.-$$Nest$mhandleResized:0 android.view.ViewRootImpl$W.resized:13603 android.app.servertransaction.WindowStateResizeItem.execute:93 android.app.servertransaction.WindowStateTransactionItem.execute:62 
2026-01-30 18:21:34.213  5273-6883  ActivityManagerWrapper  com.miui.home                        E  getRecentTasksForceIncludingTaskIdIfValid: getRecentTasks: size=6
                                                                                                     mainTaskId=419   userId=0   windowMode=1   baseIntent=Intent { act=android.intent.action.MAIN flag=268435456 cmp=ComponentInfo{com.app.ralaunch/com.app.ralaunch.ui.init.InitializationActivity} }
                                                                                                     mainTaskId=413   userId=0   windowMode=1   baseIntent=Intent { act=android.intent.action.SEND flag=453509121 cmp=ComponentInfo{com.tencent.mobileqq/com.tencent.mobileqq.activity.JumpActivity} }
                                                                                                     mainTaskId=390   userId=0   windowMode=1   baseIntent=Intent { act=android.intent.action.MAIN flag=270532608 cmp=ComponentInfo{com.tencent.mobileqq/com.tencent.mobileqq.activity.SplashActivity} }
                                                                                                     mainTaskId=399   userId=0   windowMode=1   baseIntent=Intent { act=android.intent.action.MAIN flag=270532608 cmp=ComponentInfo{bin.mt.plus/bin.mt.plus.MainLightIcon} }
                                                                                                     mainTaskId=405   userId=0   windowMode=1   baseIntent=Intent { act=android.intent.action.SEND flag=268435457 cmp=ComponentInfo{com.vivo.easyshare/com.vivo.easyshare.activity.TransferQrCodeActivity} }
                                                                                                     mainTaskId=396   userId=0   windowMode=1   baseIntent=Intent { act=android.intent.action.MAIN flag=270532608 cmp=ComponentInfo{com.android.settings/com.android.settings.MainSettings} }
2026-01-30 18:21:34.215 28360-28360 VRI[GameActivity]       com.app.ralaunch                     D  vri.Setup new sync=wmsSync-VRI[GameActivity]#13
2026-01-30 18:21:34.217 28360-28360 VRI[GameActivity]       com.app.ralaunch                     D  vri.reportDrawFinished 0 0 Rect(0, 0 - 2400, 1080)
2026-01-30 18:21:34.244  5273-6883  ActivityManagerWrapper  com.miui.home                        E  getRecentTasksForceIncludingTaskIdIfValid: getRecentTasks: size=6
                                                                                                     mainTaskId=419   userId=0   windowMode=1   baseIntent=Intent { act=android.intent.action.MAIN flag=268435456 cmp=ComponentInfo{com.app.ralaunch/com.app.ralaunch.ui.init.InitializationActivity} }
                                                                                                     mainTaskId=413   userId=0   windowMode=1   baseIntent=Intent { act=android.intent.action.SEND flag=453509121 cmp=ComponentInfo{com.tencent.mobileqq/com.tencent.mobileqq.activity.JumpActivity} }
                                                                                                     mainTaskId=390   userId=0   windowMode=1   baseIntent=Intent { act=android.intent.action.MAIN flag=270532608 cmp=ComponentInfo{com.tencent.mobileqq/com.tencent.mobileqq.activity.SplashActivity} }
                                                                                                     mainTaskId=399   userId=0   windowMode=1   baseIntent=Intent { act=android.intent.action.MAIN flag=270532608 cmp=ComponentInfo{bin.mt.plus/bin.mt.plus.MainLightIcon} }
                                                                                                     mainTaskId=405   userId=0   windowMode=1   baseIntent=Intent { act=android.intent.action.SEND flag=268435457 cmp=ComponentInfo{com.vivo.easyshare/com.vivo.easyshare.activity.TransferQrCodeActivity} }
                                                                                                     mainTaskId=396   userId=0   windowMode=1   baseIntent=Intent { act=android.intent.action.MAIN flag=270532608 cmp=ComponentInfo{com.android.settings/com.android.settings.MainSettings} }
2026-01-30 18:21:34.273 28360-28360 SDL                     com.app.ralaunch                     V  nativeResume()
2026-01-30 18:21:34.273 28360-924   AAudio                  com.app.ralaunch                     D  AAudioStream_requestStart(s#2) called --------------
2026-01-30 18:21:34.273 28360-924   AAudioStream            com.app.ralaunch                     D  setState(s#2) from 5 to 3
2026-01-30 18:21:34.273 28360-924   AudioTrack              com.app.ralaunch                     I  start(2259): prior state:STATE_PAUSED packageName: com.app.ralaunch
2026-01-30 18:21:34.285 28360-28360 SDL                     com.app.ralaunch                     V  nativeFocusChanged()
2026-01-30 18:21:34.285 28360-28360 InsetsController        com.app.ralaunch                     D  Setting requestedVisibleTypes to -12 (was -9)
2026-01-30 18:21:34.286 28360-927   InsetsController        com.app.ralaunch                     D  default animation onReady types: 3 controller=android.view.InsetsAnimationControlImpl@9c72a07
2026-01-30 18:21:34.286 28360-927   ViewRootImplStubImpl    com.app.ralaunch                     D  requestedTypes: 3
2026-01-30 18:21:34.286 28360-28360 HandWritingStubImpl     com.app.ralaunch                     I  refreshLastKeyboardType: 1
2026-01-30 18:21:34.286 28360-28360 HandWritingStubImpl     com.app.ralaunch                     I  getCurrentKeyboardType: 1
2026-01-30 18:21:34.293 28360-28360 InsetsController        com.app.ralaunch                     D  hide(ime(), fromIme=false)
2026-01-30 18:21:34.293 28360-28360 ImeTracker              com.app.ralaunch                     I  com.app.ralaunch:f672b83b: onCancelled at PHASE_CLIENT_ALREADY_HIDDEN
2026-01-30 18:21:34.300 28360-28360 InsetsController        com.app.ralaunch                     D  Setting requestedVisibleTypes to -16 (was -12)
2026-01-30 18:21:34.301 28360-28360 VRI[GameActivity]       com.app.ralaunch                     D  getMiuiFreeformStackInfo mTmpFrames.miuiFreeFormStackInfo: null
2026-01-30 18:21:34.310  2916-2961  AppOps                  system_server                        E  attributionTag  not declared in manifest of com.app.ralaunch
2026-01-30 18:21:34.311  2916-2961  AppOps                  system_server                        E  attributionTag  not declared in manifest of com.app.ralaunch
2026-01-30 18:21:34.311 28360-924   AudioTrack              com.app.ralaunch                     D  start(2259): packageName is com.app.ralaunch , mFlags is 0x2
2026-01-30 18:21:34.311 28360-924   AudioRepeatStartCheck   com.app.ralaunch                     D  [AudioRepeatStartStopCheck], enter: uid = 11393, session = 19081, uidnowTime = 1769768189
2026-01-30 18:21:34.311 28360-924   AudioRepeatStartCheck   com.app.ralaunch                     D  [AudioRepeatStartStopCheck] isAnomaly = 0
2026-01-30 18:21:34.311 28360-924   AAudio                  com.app.ralaunch                     D  AAudioStream_requestStart(s#2) returned 0 ---------
2026-01-30 18:21:34.311 28360-924   Android_GLES            com.app.ralaunch                     I  MakeCurrent: FNA3D_OPENGL_LIBRARY=/data/app/~~eS5rX4Duc_jWRkiYz01JmQ==/com.app.ralaunch-shPNqYQEbIHpdsidQR-Kgw==/lib/arm64/libEGL_gl4es.so, is_osmesa=0
2026-01-30 18:21:34.312 28360-961   AudioTrackImpl          com.app.ralaunch                     D  [audioTrackData][zero] 4s(f:59439 m:30 s:0 k:0 z:4950) : pid 28360 uid 11393 sessionId 19081 sr 48000 ch 2 fmt 5
2026-01-30 18:21:34.315 28360-28360 VRI[GameActivity]       com.app.ralaunch                     D  getMiuiFreeformStackInfo mTmpFrames.miuiFreeFormStackInfo: null
2026-01-30 18:21:34.326 28360-960   AudioStreamLegacy       com.app.ralaunch                     D  onAudioDeviceUpdate() devices 3 => 3
2026-01-30 18:21:34.326 28360-960   AudioTrack              com.app.ralaunch                     D  onAudioDeviceUpdate AudioPortDebug[ID:00000003] deviceType:AUDIO_DEVICE_OUT_SPEAKER(00000002)
2026-01-30 18:21:34.326 28360-960   BatteryNotifier         com.app.ralaunch                     D  batteryHandler::send audio device update msg! 11393, 28360, 19081, 2
2026-01-30 18:21:34.326 28360-956   BatteryNotifier         com.app.ralaunch                     D  BatteryNotifier::update device to power insight! 11393, 28360, 19081, 2
2026-01-30 18:21:34.368  9637-11669 TencentP2PUpgradeHelper com.miui.securitycenter.remote       E  hash: 9518575 this game com.app.ralaunch not supports p2p upgrade
2026-01-30 18:21:34.385 28360-961   AAudioStream            com.app.ralaunch                     D  setState(s#2) from 3 to 4
2026-01-30 18:21:34.465 28360-957   AudioTrackImpl          com.app.ralaunch                     D  [audioTrackData][zero] 14s(f:17552 m:0 s:0 k:0 z:14002) : pid 28360 uid 11393 sessionId 19073 sr 48000 ch 2 fmt 5
2026-01-30 18:21:34.565 28360-28360 VRI[GameActivity]       com.app.ralaunch                     D  getMiuiFreeformStackInfo mTmpFrames.miuiFreeFormStackInfo: null
2026-01-30 18:21:34.649 28360-927   InsetsAnimationCtrlImpl com.app.ralaunch                     D  notifyFinished shown: false, currentAlpha: 1.000000, currentInsets: Insets{left=0, top=0, right=0, bottom=0}
2026-01-30 18:21:34.651 28360-28360 InsetsController        com.app.ralaunch                     D  cancelAnimation of types:3 animType:1 host:com.app.ralaunch/com.app.ralaunch.ui.game.GameActivity invokeCallback=false
2026-01-30 18:21:34.655 28360-28360 InsetsController        com.app.ralaunch                     D  notifyFinished. shown: false runner=android.view.InsetsAnimationThreadControlRunner@91d02d2
2026-01-30 18:21:34.655 28360-927   InsetsAnimationCtrlImpl com.app.ralaunch                     D  Animation finished abruptly.
2026-01-30 18:21:34.655 28360-927   InsetsController        com.app.ralaunch                     D  onAnimationFinish showOnFinish: false
2026-01-30 18:21:34.971  4348-4348  DensityAdapter          com.app.ralaunch                     D  系统字体大小变化，更新 scaledDensity: 2.625
2026-01-30 18:21:35.101 28360-28360 MIUIInput               com.app.ralaunch                     I  [MotionEvent] ViewRootImpl windowName 'com.app.ralaunch/com.app.ralaunch.ui.game.GameActivity', { action=ACTION_DOWN, id[0]=0, pointerCount=1, eventTime=196242886, downTime=196242886, phoneEventTime=18:21:35.099 } moveCount:0
2026-01-30 18:21:35.101 28360-28360 VRI[GameActivity]       com.app.ralaunch                     D  getMiuiFreeformStackInfo mTmpFrames.miuiFreeFormStackInfo: null
2026-01-30 18:21:35.142  2190-8031  ANDR-PERF-LM            ven...qti.hardware.perf-hal-service  E  APE_PEHM: start() 227: Fail to start -Pid is -1 for com.app.ralaunch
2026-01-30 18:21:35.353 28360-28360 MiInputConsumer         com.app.ralaunch                     I  optimized resample latency: 597855 ns
2026-01-30 18:21:35.484 28360-28360 MIUIInput               com.app.ralaunch                     I  [MotionEvent] ViewRootImpl windowName 'com.app.ralaunch/com.app.ralaunch.ui.game.GameActivity', { action=ACTION_UP, id[0]=0, pointerCount=1, eventTime=196243268, downTime=196242886, phoneEventTime=18:21:35.481 } moveCount:17
2026-01-30 18:21:35.521 28360-957   AudioTrackImpl          com.app.ralaunch                     D  [audioTrackData][zero] 15s(f:17552 m:0 s:0 k:0 z:15059) : pid 28360 uid 11393 sessionId 19073 sr 48000 ch 2 fmt 5
2026-01-30 18:21:35.705 28360-28360 MIUIInput               com.app.ralaunch                     I  [MotionEvent] ViewRootImpl windowName 'com.app.ralaunch/com.app.ralaunch.ui.game.GameActivity', { action=ACTION_DOWN, id[0]=0, pointerCount=1, eventTime=196243491, downTime=196243491, phoneEventTime=18:21:35.704 } moveCount:0
2026-01-30 18:21:35.705 28360-28360 VRI[GameActivity]       com.app.ralaunch                     D  getMiuiFreeformStackInfo mTmpFrames.miuiFreeFormStackInfo: null
2026-01-30 18:21:35.755 28360-28360 MIUIInput               com.app.ralaunch                     I  [MotionEvent] ViewRootImpl windowName 'com.app.ralaunch/com.app.ralaunch.ui.game.GameActivity', { action=ACTION_UP, id[0]=0, pointerCount=1, eventTime=196243541, downTime=196243491, phoneEventTime=18:21:35.754 } moveCount:0
2026-01-30 18:21:36.482 28360-957   AudioTrackImpl          com.app.ralaunch                     D  [audioTrackData][zero] 16s(f:17552 m:0 s:0 k:0 z:16019) : pid 28360 uid 11393 sessionId 19073 sr 48000 ch 2 fmt 5
2026-01-30 18:21:36.910 28360-28360 MIUIInput               com.app.ralaunch                     I  [MotionEvent] ViewRootImpl windowName 'com.app.ralaunch/com.app.ralaunch.ui.game.GameActivity', { action=ACTION_DOWN, id[0]=0, pointerCount=1, eventTime=196244695, downTime=196244695, phoneEventTime=18:21:36.908 } moveCount:0
2026-01-30 18:21:36.910 28360-28360 VRI[GameActivity]       com.app.ralaunch                     D  getMiuiFreeformStackInfo mTmpFrames.miuiFreeFormStackInfo: null
2026-01-30 18:21:36.983 28360-28360 MIUIInput               com.app.ralaunch                     I  [MotionEvent] ViewRootImpl windowName 'com.app.ralaunch/com.app.ralaunch.ui.game.GameActivity', { action=ACTION_UP, id[0]=0, pointerCount=1, eventTime=196244768, downTime=196244695, phoneEventTime=18:21:36.981 } moveCount:0
2026-01-30 18:21:37.521 28360-957   AudioTrackImpl          com.app.ralaunch                     D  [audioTrackData][zero] 17s(f:17552 m:0 s:0 k:0 z:17059) : pid 28360 uid 11393 sessionId 19073 sr 48000 ch 2 fmt 5
2026-01-30 18:21:37.706 28360-28360 MIUIInput               com.app.ralaunch                     I  [MotionEvent] ViewRootImpl windowName 'com.app.ralaunch/com.app.ralaunch.ui.game.GameActivity', { action=ACTION_DOWN, id[0]=0, pointerCount=1, eventTime=196245491, downTime=196245491, phoneEventTime=18:21:37.703 } moveCount:0
2026-01-30 18:21:37.706 28360-28360 VRI[GameActivity]       com.app.ralaunch                     D  getMiuiFreeformStackInfo mTmpFrames.miuiFreeFormStackInfo: null
2026-01-30 18:21:37.768 28360-28360 MIUIInput               com.app.ralaunch                     I  [MotionEvent] ViewRootImpl windowName 'com.app.ralaunch/com.app.ralaunch.ui.game.GameActivity', { action=ACTION_UP, id[0]=0, pointerCount=1, eventTime=196245554, downTime=196245491, phoneEventTime=18:21:37.767 } moveCount:0
2026-01-30 18:21:37.787 28360-28360 HandWritingStubImpl     com.app.ralaunch                     I  refreshLastKeyboardType: 1
2026-01-30 18:21:37.789 28360-28360 HandWritingStubImpl     com.app.ralaunch                     I  getCurrentKeyboardType: 1
2026-01-30 18:21:37.812 28360-28360 HandWritingStubImpl     com.app.ralaunch                     I  getCurrentKeyboardType: 1
2026-01-30 18:21:37.817 28360-28360 InsetsController        com.app.ralaunch                     D  show(ime(), fromIme=false)
2026-01-30 18:21:37.823 28360-28360 ImeTracker              com.app.ralaunch                     I  com.app.ralaunch:game:940c1998: onRequestShow at ORIGIN_CLIENT reason SHOW_SOFT_INPUT_BY_INSETS_API fromUser false
2026-01-30 18:21:37.823 28360-28360 InsetsController        com.app.ralaunch                     D  Setting requestedVisibleTypes to -8 (was -16)
2026-01-30 18:21:37.844 28360-28360 ImeTracker              com.app.ralaunch                     I  com.app.ralaunch:game:886a095c: onRequestShow at ORIGIN_CLIENT reason SHOW_SOFT_INPUT fromUser false
2026-01-30 18:21:37.845 28360-28360 InsetsController        com.app.ralaunch                     D  show(ime(), fromIme=false)
2026-01-30 18:21:37.845 28360-28360 ImeTracker              com.app.ralaunch                     I  com.app.ralaunch:game:886a095c: onCancelled at PHASE_CLIENT_REPORT_REQUESTED_VISIBLE_TYPES
2026-01-30 18:21:37.977 28360-927   InsetsController        com.app.ralaunch                     D  default animation onReady types: 8 controller=android.view.InsetsAnimationControlImpl@4e51a03
2026-01-30 18:21:37.977 28360-927   ViewRootImplStubImpl    com.app.ralaunch                     D  requestedTypes: 8
2026-01-30 18:21:37.996 28360-927   ViewRootImplStubImpl    com.app.ralaunch                     D  onAnimationStart
2026-01-30 18:21:38.014 28360-927   ViewRootImplStubImpl    com.app.ralaunch                     D  onAnimationUpdate, value: 0.0
2026-01-30 18:21:38.032 28360-927   ViewRootImplStubImpl    com.app.ralaunch                     D  onAnimationUpdate, value: 0.04730405
2026-01-30 18:21:38.048 28360-927   ViewRootImplStubImpl    com.app.ralaunch                     D  onAnimationUpdate, value: 0.15930651
2026-01-30 18:21:38.062 28360-927   ViewRootImplStubImpl    com.app.ralaunch                     D  onAnimationUpdate, value: 0.2906372
2026-01-30 18:21:38.078 28360-927   ViewRootImplStubImpl    com.app.ralaunch                     D  onAnimationUpdate, value: 0.41848314
2026-01-30 18:21:38.095 28360-927   ViewRootImplStubImpl    com.app.ralaunch                     D  onAnimationUpdate, value: 0.5326231
2026-01-30 18:21:38.111 28360-927   ViewRootImplStubImpl    com.app.ralaunch                     D  onAnimationUpdate, value: 0.6296304
2026-01-30 18:21:38.128 28360-927   ViewRootImplStubImpl    com.app.ralaunch                     D  onAnimationUpdate, value: 0.70954037
2026-01-30 18:21:38.144 28360-927   ViewRootImplStubImpl    com.app.ralaunch                     D  onAnimationUpdate, value: 0.7739857
2026-01-30 18:21:38.162 28360-927   ViewRootImplStubImpl    com.app.ralaunch                     D  onAnimationUpdate, value: 0.82518315
2026-01-30 18:21:38.178 28360-927   ViewRootImplStubImpl    com.app.ralaunch                     D  onAnimationUpdate, value: 0.86541045
2026-01-30 18:21:38.195 28360-927   ViewRootImplStubImpl    com.app.ralaunch                     D  onAnimationUpdate, value: 0.8967581
2026-01-30 18:21:38.210 28360-927   ViewRootImplStubImpl    com.app.ralaunch                     D  onAnimationUpdate, value: 0.92103255
2026-01-30 18:21:38.228 28360-927   ViewRootImplStubImpl    com.app.ralaunch                     D  onAnimationUpdate, value: 0.93973833
2026-01-30 18:21:38.245 28360-927   ViewRootImplStubImpl    com.app.ralaunch                     D  onAnimationUpdate, value: 0.9540981
2026-01-30 18:21:38.261 28360-927   ViewRootImplStubImpl    com.app.ralaunch                     D  onAnimationUpdate, value: 0.9650884
2026-01-30 18:21:38.277 28360-927   ViewRootImplStubImpl    com.app.ralaunch                     D  onAnimationUpdate, value: 0.97347945
2026-01-30 18:21:38.295 28360-927   ViewRootImplStubImpl    com.app.ralaunch                     D  onAnimationUpdate, value: 0.9798735
2026-01-30 18:21:38.311 28360-927   ViewRootImplStubImpl    com.app.ralaunch                     D  onAnimationUpdate, value: 0.9847381
2026-01-30 18:21:38.327 28360-927   ViewRootImplStubImpl    com.app.ralaunch                     D  onAnimationUpdate, value: 0.98843443
2026-01-30 18:21:38.344 28360-927   ViewRootImplStubImpl    com.app.ralaunch                     D  onAnimationUpdate, value: 0.99124014
2026-01-30 18:21:38.361 28360-927   ViewRootImplStubImpl    com.app.ralaunch                     D  onAnimationUpdate, value: 0.993368
2026-01-30 18:21:38.379 28360-927   ViewRootImplStubImpl    com.app.ralaunch                     D  onAnimationUpdate, value: 0.99498075
2026-01-30 18:21:38.395 28360-927   ViewRootImplStubImpl    com.app.ralaunch                     D  onAnimationUpdate, value: 0.99620235
2026-01-30 18:21:38.412 28360-927   ViewRootImplStubImpl    com.app.ralaunch                     D  onAnimationUpdate, value: 0.99712723
2026-01-30 18:21:38.429 28360-927   ViewRootImplStubImpl    com.app.ralaunch                     D  onAnimationUpdate, value: 0.9978272
2026-01-30 18:21:38.444 28360-927   ViewRootImplStubImpl    com.app.ralaunch                     D  onAnimationUpdate, value: 0.99835676
2026-01-30 18:21:38.464 28360-927   ViewRootImplStubImpl    com.app.ralaunch                     D  onAnimationUpdate, value: 0.99875736
2026-01-30 18:21:38.479 28360-927   ViewRootImplStubImpl    com.app.ralaunch                     D  onAnimationUpdate, value: 1.0
2026-01-30 18:21:38.480 28360-927   ViewRootImplStubImpl    com.app.ralaunch                     D  onAnimationEnd,canceled: false
2026-01-30 18:21:38.481 28360-927   InsetsAnimationCtrlImpl com.app.ralaunch                     D  notifyFinished shown: true, currentAlpha: 1.000000, currentInsets: Insets{left=0, top=0, right=0, bottom=0}
2026-01-30 18:21:38.481 28360-28360 InsetsController        com.app.ralaunch                     D  cancelAnimation of types:8 animType:0 host:com.app.ralaunch/com.app.ralaunch.ui.game.GameActivity invokeCallback=false
2026-01-30 18:21:38.481 28360-28360 InsetsController        com.app.ralaunch                     D  notifyFinished. shown: true runner=android.view.InsetsAnimationThreadControlRunner@795535f
2026-01-30 18:21:38.481 28360-28360 ImeTracker              com.app.ralaunch                     I  system_server:7077d136: onShown
2026-01-30 18:21:38.482 28360-927   InsetsAnimationCtrlImpl com.app.ralaunch                     D  Animation finished abruptly.
2026-01-30 18:21:38.482 28360-927   InsetsController        com.app.ralaunch                     D  onAnimationFinish showOnFinish: true
2026-01-30 18:21:38.483 28360-957   AudioTrackImpl          com.app.ralaunch                     D  [audioTrackData][zero] 18s(f:17552 m:0 s:0 k:0 z:18020) : pid 28360 uid 11393 sessionId 19073 sr 48000 ch 2 fmt 5
2026-01-30 18:21:39.221 28360-28360 MIUIInput               com.app.ralaunch                     I  [MotionEvent] ViewRootImpl windowName 'com.app.ralaunch/com.app.ralaunch.ui.game.GameActivity', { action=ACTION_DOWN, id[0]=0, pointerCount=1, eventTime=196247006, downTime=196247006, phoneEventTime=18:21:39.219 } moveCount:0
2026-01-30 18:21:39.221 28360-28360 VRI[GameActivity]       com.app.ralaunch                     D  getMiuiFreeformStackInfo mTmpFrames.miuiFreeFormStackInfo: null
2026-01-30 18:21:39.284 28360-28360 MIUIInput               com.app.ralaunch                     I  [MotionEvent] ViewRootImpl windowName 'com.app.ralaunch/com.app.ralaunch.ui.game.GameActivity', { action=ACTION_UP, id[0]=0, pointerCount=1, eventTime=196247069, downTime=196247006, phoneEventTime=18:21:39.282 } moveCount:0
2026-01-30 18:21:39.521 28360-957   AudioTrackImpl          com.app.ralaunch                     D  [audioTrackData][zero] 19s(f:17552 m:0 s:0 k:0 z:19058) : pid 28360 uid 11393 sessionId 19073 sr 48000 ch 2 fmt 5
2026-01-30 18:21:40.002 28360-961   AudioTrackImpl          com.app.ralaunch                     D  [audioTrackData][fine] 5s(f:5030 m:0 s:0 k:0 z:0) : pid 28360 uid 11393 sessionId 19081 sr 48000 ch 2 fmt 5 maxAmplitude 1199777544
2026-01-30 18:21:40.182 28360-28360 InsetsController        com.app.ralaunch                     D  hide(ime(), fromIme=false)
2026-01-30 18:21:40.183 28360-28360 WindowOnBackDispatcher  com.app.ralaunch                     W  sendCancelIfRunning: isInProgress=false callback=ImeCallback=ImeOnBackInvokedCallback@165759816 Callback=android.window.IOnBackInvokedCallback$Stub$Proxy@3c4f72d
2026-01-30 18:21:40.183 28360-28360 InsetsController        com.app.ralaunch                     D  Setting requestedVisibleTypes to -16 (was -8)
2026-01-30 18:21:40.184 28360-927   InsetsController        com.app.ralaunch                     D  default animation onReady types: 8 controller=android.view.InsetsAnimationControlImpl@d089f3
2026-01-30 18:21:40.184 28360-927   ViewRootImplStubImpl    com.app.ralaunch                     D  requestedTypes: 8
2026-01-30 18:21:40.185 28360-28360 InsetsController        com.app.ralaunch                     D  hide(ime(), fromIme=false)
2026-01-30 18:21:40.185 28360-28360 ImeTracker              com.app.ralaunch                     I  com.sohu.inputmethod.sogou.xiaomi:76cfb938: onCancelled at PHASE_CLIENT_ALREADY_HIDDEN
2026-01-30 18:21:40.193 28360-927   ViewRootImplStubImpl    com.app.ralaunch                     D  onAnimationStart
2026-01-30 18:21:40.195 28360-927   ViewRootImplStubImpl    com.app.ralaunch                     D  onAnimationUpdate, value: 0.0
