2026-01-30 18:21:40.208 28360-927   ViewRootImplStubImpl    com.app.ralaunch                     D  onAnimationUpdate, value: 0.05345135
2026-01-30 18:21:40.213 28360-28360 ImeTracker              com.app.ralaunch                     I  system_server:d48b913: onCancelled at PHASE_CLIENT_ON_CONTROLS_CHANGED
2026-01-30 18:21:40.214 28360-927   InsetsController        com.app.ralaunch                     D  default animation onReady types: 2 controller=android.view.InsetsAnimationControlImpl@e5fd24f
2026-01-30 18:21:40.214 28360-927   ViewRootImplStubImpl    com.app.ralaunch                     D  requestedTypes: 2
2026-01-30 18:21:40.227 28360-927   ViewRootImplStubImpl    com.app.ralaunch                     D  onAnimationUpdate, value: 0.177402
2026-01-30 18:21:40.243 28360-927   ViewRootImplStubImpl    com.app.ralaunch                     D  onAnimationUpdate, value: 0.31812018
2026-01-30 18:21:40.258 28360-927   ViewRootImplStubImpl    com.app.ralaunch                     D  onAnimationUpdate, value: 0.45093605
2026-01-30 18:21:40.276 28360-927   ViewRootImplStubImpl    com.app.ralaunch                     D  onAnimationUpdate, value: 0.5661851
2026-01-30 18:21:40.292 28360-927   ViewRootImplStubImpl    com.app.ralaunch                     D  onAnimationUpdate, value: 0.66162956
2026-01-30 18:21:40.309 28360-927   ViewRootImplStubImpl    com.app.ralaunch                     D  onAnimationUpdate, value: 0.73843765
2026-01-30 18:21:40.324 28360-927   ViewRootImplStubImpl    com.app.ralaunch                     D  onAnimationUpdate, value: 0.7990998
2026-01-30 18:21:40.343 28360-927   ViewRootImplStubImpl    com.app.ralaunch                     D  onAnimationUpdate, value: 0.84640276
2026-01-30 18:21:40.359 28360-927   ViewRootImplStubImpl    com.app.ralaunch                     D  onAnimationUpdate, value: 0.8829612
2026-01-30 18:21:40.376 28360-927   ViewRootImplStubImpl    com.app.ralaunch                     D  onAnimationUpdate, value: 0.91103697
2026-01-30 18:21:40.392 28360-927   ViewRootImplStubImpl    com.app.ralaunch                     D  onAnimationUpdate, value: 0.93249995
2026-01-30 18:21:40.409 28360-927   ViewRootImplStubImpl    com.app.ralaunch                     D  onAnimationUpdate, value: 0.94885325
2026-01-30 18:21:40.424 28360-927   ViewRootImplStubImpl    com.app.ralaunch                     D  onAnimationUpdate, value: 0.961283
2026-01-30 18:21:40.444 28360-927   ViewRootImplStubImpl    com.app.ralaunch                     D  onAnimationUpdate, value: 0.9707137
2026-01-30 18:21:40.459 28360-927   ViewRootImplStubImpl    com.app.ralaunch                     D  onAnimationUpdate, value: 0.9778594
2026-01-30 18:21:40.476 28360-927   ViewRootImplStubImpl    com.app.ralaunch                     D  onAnimationUpdate, value: 0.9832684
2026-01-30 18:21:40.483 28360-957   AudioTrackImpl          com.app.ralaunch                     D  [audioTrackData][zero] 20s(f:17552 m:0 s:0 k:0 z:20019) : pid 28360 uid 11393 sessionId 19073 sr 48000 ch 2 fmt 5
2026-01-30 18:21:40.492 28360-927   ViewRootImplStubImpl    com.app.ralaunch                     D  onAnimationUpdate, value: 0.9873598
2026-01-30 18:21:40.509 28360-927   ViewRootImplStubImpl    com.app.ralaunch                     D  onAnimationUpdate, value: 0.99045295
2026-01-30 18:21:40.525 28360-927   ViewRootImplStubImpl    com.app.ralaunch                     D  onAnimationUpdate, value: 0.9927904
2026-01-30 18:21:40.542 28360-927   ViewRootImplStubImpl    com.app.ralaunch                     D  onAnimationUpdate, value: 0.99455625
2026-01-30 18:21:40.559 28360-927   ViewRootImplStubImpl    com.app.ralaunch                     D  onAnimationUpdate, value: 0.99588996
2026-01-30 18:21:40.576 28360-927   ViewRootImplStubImpl    com.app.ralaunch                     D  onAnimationUpdate, value: 0.99689716
2026-01-30 18:21:40.581 28360-927   InsetsAnimationCtrlImpl com.app.ralaunch                     D  notifyFinished shown: false, currentAlpha: 1.000000, currentInsets: Insets{left=0, top=0, right=0, bottom=0}
2026-01-30 18:21:40.581 28360-28360 InsetsController        com.app.ralaunch                     D  cancelAnimation of types:2 animType:1 host:com.app.ralaunch/com.app.ralaunch.ui.game.GameActivity invokeCallback=false
2026-01-30 18:21:40.581 28360-28360 InsetsController        com.app.ralaunch                     D  notifyFinished. shown: false runner=android.view.InsetsAnimationThreadControlRunner@1aadee5
2026-01-30 18:21:40.582 28360-927   InsetsAnimationCtrlImpl com.app.ralaunch                     D  Animation finished abruptly.
2026-01-30 18:21:40.582 28360-927   InsetsController        com.app.ralaunch                     D  onAnimationFinish showOnFinish: false
2026-01-30 18:21:40.592 28360-927   ViewRootImplStubImpl    com.app.ralaunch                     D  onAnimationUpdate, value: 0.99765766
2026-01-30 18:21:40.608 28360-927   ViewRootImplStubImpl    com.app.ralaunch                     D  onAnimationUpdate, value: 0.9982318
2026-01-30 18:21:40.625 28360-927   ViewRootImplStubImpl    com.app.ralaunch                     D  onAnimationUpdate, value: 0.9986653
2026-01-30 18:21:40.644 28360-927   ViewRootImplStubImpl    com.app.ralaunch                     D  onAnimationUpdate, value: 1.0
2026-01-30 18:21:40.649 28360-927   ViewRootImplStubImpl    com.app.ralaunch                     D  onAnimationEnd,canceled: false
2026-01-30 18:21:40.651 28360-927   InsetsAnimationCtrlImpl com.app.ralaunch                     D  notifyFinished shown: false, currentAlpha: 0.000000, currentInsets: Insets{left=0, top=0, right=0, bottom=0}
2026-01-30 18:21:40.652 28360-28360 InsetsController        com.app.ralaunch                     D  cancelAnimation of types:8 animType:1 host:com.app.ralaunch/com.app.ralaunch.ui.game.GameActivity invokeCallback=false
2026-01-30 18:21:40.652 28360-28360 InsetsController        com.app.ralaunch                     D  notifyFinished. shown: false runner=android.view.InsetsAnimationThreadControlRunner@fc8ddba
2026-01-30 18:21:40.662 28360-927   InsetsAnimationCtrlImpl com.app.ralaunch                     D  Animation finished abruptly.
2026-01-30 18:21:40.662 28360-927   InsetsController        com.app.ralaunch                     D  onAnimationFinish showOnFinish: false
2026-01-30 18:21:41.522 28360-957   AudioTrackImpl          com.app.ralaunch                     D  [audioTrackData][zero] 21s(f:17552 m:0 s:0 k:0 z:21059) : pid 28360 uid 11393 sessionId 19073 sr 48000 ch 2 fmt 5
2026-01-30 18:21:42.078 28360-28360 MIUIInput               com.app.ralaunch                     I  [MotionEvent] ViewRootImpl windowName 'com.app.ralaunch/com.app.ralaunch.ui.game.GameActivity', { action=ACTION_DOWN, id[0]=0, pointerCount=1, eventTime=196249863, downTime=196249863, phoneEventTime=18:21:42.076 } moveCount:0
2026-01-30 18:21:42.078 28360-28360 VRI[GameActivity]       com.app.ralaunch                     D  getMiuiFreeformStackInfo mTmpFrames.miuiFreeFormStackInfo: null
2026-01-30 18:21:42.152 28360-28360 MIUIInput               com.app.ralaunch                     I  [MotionEvent] ViewRootImpl windowName 'com.app.ralaunch/com.app.ralaunch.ui.game.GameActivity', { action=ACTION_UP, id[0]=0, pointerCount=1, eventTime=196249937, downTime=196249863, phoneEventTime=18:21:42.150 } moveCount:0
2026-01-30 18:21:42.156 28360-28360 EasyTierManager         com.app.ralaunch                     D  VPN broadcast receiver registered
2026-01-30 18:21:42.158 28360-28360 EasyTierManager         com.app.ralaunch                     D  Starting VPN service initialization...
2026-01-30 18:21:42.200 28360-28360 EasyTierVpnService      com.app.ralaunch                     I  TUN interface established, fd=352
2026-01-30 18:21:42.203 28360-28360 EasyTierVpnService      com.app.ralaunch                     D  VPN ready broadcast sent, fd=352
2026-01-30 18:21:42.210 28360-28360 EasyTierManager         com.app.ralaunch                     I  Received VPN ready broadcast, tunFd=352
2026-01-30 18:21:42.212 28360-1028  EasyTierManager         com.app.ralaunch                     D  Starting EasyTier with config:
                                                                                                    instance_name = "ral_multiplayer"
                                                                                                    hostname = "guest_212"
                                                                                                    
                                                                                                    [network_identity]
                                                                                                    network_name = "Room_I4EZZD"
                                                                                                    network_secret = "JVANDYCO"
                                                                                                    
                                                                                                    # 加入者配置：仅 DHCP（等待发现房主）
                                                                                                    dhcp = true
                                                                                                    
                                                                                                    # TCP/UDP listener - 允许其他玩家直接连接（参考 Terracotta）
                                                                                                    listeners = ["tcp://0.0.0.0:0", "udp://0.0.0.0:0"]
                                                                                                    
                                                                                                    [[peer]]
                                                                                                    uri = "tcp://public.easytier.cn:11010"
                                                                                                    [[peer]]
                                                                                                    uri = "tcp://public.easytier.top:11010"
                                                                                                    [[peer]]
                                                                                                    uri = "tcp://public2.easytier.cn:54321"
                                                                                                    [[peer]]
                                                                                                    uri = "tcp://ah.nkbpal.cn:11010"
                                                                                                    [[peer]]
                                                                                                    uri = "tcp://turn.hb.629957.xyz:11010"
                                                                                                    [[peer]]
                                                                                                    uri = "tcp://turn.js.629957.xyz:11012"
                                                                                                    [[peer]]
                                                                                                    uri = "tcp://sh.993555.xyz:11010"
                                                                                                    [[peer]]
                                                                                                    uri = "tcp://turn.bj.629957.xyz:11010"
                                                                                                    [[peer]]
                                                                                                    uri = "tcp://et.sh.suhoan.cn:11010"
                                                                                                    [[peer]]
                                                                                                    uri = "tcp://et-hk.clickor.click:11010"
                                                                                                    
                                                                                                    [flags]
                                                                                                    no_tun = true
                                                                                                    enable_encryption = true
                                                                                                    enable_kcp_proxy = true
                                                                                                    latency_first = true
                                                                                                    multi_thread = true
                                                                                                    data_compress_algo = 2
                                                                                                    mtu = 1380
2026-01-30 18:21:42.213 28360-1028  EasyTierManager         com.app.ralaunch                     D  Setting TUN fd: 352
2026-01-30 18:21:42.213 28360-1028  EasyTierManager         com.app.ralaunch                     I  TUN fd set successfully: 352
2026-01-30 18:21:42.213 28360-1028  EasyTierManager         com.app.ralaunch                     I  EasyTier guest started, finding host in network: Room_I4EZZD
2026-01-30 18:21:42.217 28360-12497 EasyTier-JNI            com.app.ralaunch                     I  easytier::common::acl_processor: ACL rules built: 0 inbound, 0 outbound, 0 forward
2026-01-30 18:21:42.218 28360-12497 EasyTier-JNI            com.app.ralaunch                     I  easytier::instance::instance: [INIT] instance creating. config: hostname = "guest_212"
                                                                                                    instance_name = "ral_multiplayer"
                                                                                                    instance_id = "ea1f3f3e-8538-42cd-85c3-c6a921f5553d"
                                                                                                    
                                                                                                    [network_identity]
                                                                                                    network_name = "Room_I4EZZD"
                                                                                                    network_secret = "JVANDYCO"
                                                                                                    
                                                                                                    [[peer]]
                                                                                                    uri = "tcp://public.easytier.cn:11010"
                                                                                                    
                                                                                                    [[peer]]
                                                                                                    uri = "tcp://public.easytier.top:11010"
                                                                                                    
                                                                                                    [[peer]]
                                                                                                    uri = "tcp://public2.easytier.cn:54321"
                                                                                                    
                                                                                                    [[peer]]
                                                                                                    uri = "tcp://ah.nkbpal.cn:11010"
                                                                                                    
                                                                                                    [[peer]]
                                                                                                    uri = "tcp://turn.hb.629957.xyz:11010"
                                                                                                    
                                                                                                    [[peer]]
                                                                                                    uri = "tcp://turn.js.629957.xyz:11012"
                                                                                                    
                                                                                                    [[peer]]
                                                                                                    uri = "tcp://sh.993555.xyz:11010"
                                                                                                    
                                                                                                    [[peer]]
                                                                                                    uri = "tcp://turn.bj.629957.xyz:11010"
                                                                                                    
                                                                                                    [[peer]]
                                                                                                    uri = "tcp://et.sh.suhoan.cn:11010"
                                                                                                    
                                                                                                    [[peer]]
                                                                                                    uri = "tcp://et-hk.clickor.click:11010"
                                                                                                    
                                                                                                    [flags]
                                                                                                    data_compress_algo = 2
                                                                                                    enable_kcp_proxy = true
                                                                                                    latency_first = true
                                                                                                    no_tun = true
2026-01-30 18:21:42.218 28360-12497 EasyTier-JNI            com.app.ralaunch                     I  easytier::common: join_joinset_background; origin="ForeignNetworkManager"
2026-01-30 18:21:42.218 28360-12497 EasyTier-JNI            com.app.ralaunch                     I  easytier::common: join_joinset_background; origin="PunchHoleServerCommon"
2026-01-30 18:21:42.229 28360-12500 EasyTier-JNI            com.app.ralaunch                     W  easytier::connector::manual: conn_mgr_routine started
2026-01-30 18:21:42.229 28360-12500 EasyTier-JNI            com.app.ralaunch                     I  easytier::common: join_joinset_background; origin="connector_reconnect_tasks"
2026-01-30 18:21:42.229 28360-1028  EasyTierManager         com.app.ralaunch                     D  Network info JSON: {"map":{}}
2026-01-30 18:21:42.229 28360-1028  EasyTierManager         com.app.ralaunch                     D  No instances found in network info
2026-01-30 18:21:42.231 28360-12497 EasyTier-JNI            com.app.ralaunch                     I  easytier::common: join_joinset_background; origin="tcp hole punch server"
2026-01-30 18:21:42.231 28360-12497 EasyTier-JNI            com.app.ralaunch                     I  easytier::tunnel::ring: listen new conn of key: ring://ea1f3f3e-8538-42cd-85c3-c6a921f5553d
2026-01-30 18:21:42.231 28360-12497 EasyTier-JNI            com.app.ralaunch                     D  easytier::peers::peer_ospf_route: update_peer_info_last_update, my_peer_id: 1375244564, prev: Instant { tv_sec: 196250, tv_nsec: 5584250 }, new: Instant { tv_sec: 196250, tv_nsec: 18604302 }
2026-01-30 18:21:42.231 28360-12497 EasyTier-JNI            com.app.ralaunch                     D  easytier::peers::peer_ospf_route: update_peer_info_last_update, my_peer_id: 1375244564, prev: Instant { tv_sec: 196250, tv_nsec: 18634042 }, new: Instant { tv_sec: 196250, tv_nsec: 18784563 }
2026-01-30 18:21:42.231 28360-12500 EasyTier-JNI            com.app.ralaunch                     I  easytier::instance::instance: setup_nic_ctx_for_mobile, fd: 352
2026-01-30 18:21:42.231 28360-12500 EasyTier-JNI            com.app.ralaunch                     D  easytier::instance::instance: nic ctx cleared.
2026-01-30 18:21:42.231 28360-12497 EasyTier-JNI            com.app.ralaunch                     D  easytier::peers::peer_ospf_route: update_peer_info_last_update, my_peer_id: 1375244564, prev: Instant { tv_sec: 196250, tv_nsec: 18805344 }, new: Instant { tv_sec: 196250, tv_nsec: 18936802 }
2026-01-30 18:21:42.232 28360-12497 EasyTier-JNI            com.app.ralaunch                     I  easytier::common: join_joinset_background; origin="rpc server"
2026-01-30 18:21:42.232 28360-12499 EasyTier-JNI            com.app.ralaunch                     I  easytier::common::stun: detect_nat_type_with_socket; udp=PollEvented { io: Some(UdpSocket { addr: 0.0.0.0:47959, fd: 165 }) }
2026-01-30 18:21:42.232 28360-12499 EasyTier-JNI            com.app.ralaunch                     I  easytier::common::dns: get txt record txt_data="47.111.68.133:11010" domain_name="stun.easytier.cn"
2026-01-30 18:21:42.232 28360-12499 EasyTier-JNI            com.app.ralaunch                     I  easytier::common::stun: get txt record success when resolve stun server domain_name="stun.easytier.cn" hosts=["47.111.68.133:11010"]
2026-01-30 18:21:42.232 28360-12499 EasyTier-JNI            com.app.ralaunch                     I  easytier::common::stun: detect_nat_type; source_port=0
2026-01-30 18:21:42.232 28360-12499 EasyTier-JNI            com.app.ralaunch                     I  easytier::common::dns: get txt record txt_data="stun-heyuan-v6.easytier.cn:11010" domain_name="stun-v6.easytier.cn"
2026-01-30 18:21:42.232 28360-12499 EasyTier-JNI            com.app.ralaunch                     I  easytier::common::stun: get txt record success when resolve stun server domain_name="stun-v6.easytier.cn" hosts=["stun-heyuan-v6.easytier.cn:11010"]
2026-01-30 18:21:42.232 28360-12499 EasyTier-JNI            com.app.ralaunch                     I  easytier::instance::listeners: run_listener; peer_manager=(Weak) global_ctx=GlobalCtx { inst_name: "ral_multiplayer", id: ea1f3f3e-8538-42cd-85c3-c6a921f5553d, net_ns: None, event_bus: "EventBus", ipv4: AtomicCell { value: None } }
2026-01-30 18:21:42.232 28360-12499 EasyTier-JNI            com.app.ralaunch                     I  easytier::tunnel::ring: listen new conn of key: ring://ea1f3f3e-8538-42cd-85c3-c6a921f5553d
2026-01-30 18:21:42.232 28360-12499 EasyTier-JNI            com.app.ralaunch                     I  easytier::tunnel::ring: waiting accept new conn of key: ring://ea1f3f3e-8538-42cd-85c3-c6a921f5553d
2026-01-30 18:21:42.232 28360-12499 EasyTier-JNI            com.app.ralaunch                     I  easytier::peers::peer_ospf_route: global event received in update_my_peer_info_routine ev=Ok(ListenerAdded(Url { scheme: "ring", cannot_be_a_base: false, username: "", password: None, host: Some(Domain("ea1f3f3e-8538-42cd-85c3-c6a921f5553d")), port: None, path: "", query: None, fragment: None }))
2026-01-30 18:21:42.233 28360-12500 EasyTier-JNI            com.app.ralaunch                     D  easytier::instance::instance: nic ctx updated.
2026-01-30 18:21:42.233 28360-12497 EasyTier-JNI            com.app.ralaunch                     D  easytier::instance::instance: nic ctx cleared.
2026-01-30 18:21:42.240 28360-12497 EasyTier-JNI            com.app.ralaunch                     I  easytier::common: join_joinset_background; origin="smoltcp listener"
2026-01-30 18:21:42.240 28360-12497 EasyTier-JNI            com.app.ralaunch                     I  easytier::gateway::tcp_proxy: tcp_proxy_listener;
2026-01-30 18:21:42.240 28360-12497 EasyTier-JNI            com.app.ralaunch                     I  easytier::common: join_joinset_background; origin="TcpProxy"
2026-01-30 18:21:42.241 28360-12497 EasyTier-JNI            com.app.ralaunch                     I  easytier::common: join_joinset_background; origin="QUICProxyDst tasks"
2026-01-30 18:21:42.241 28360-12497 EasyTier-JNI            com.app.ralaunch                     I  easytier::common: join_joinset_background; origin="smoltcp listener"
2026-01-30 18:21:42.241 28360-12497 EasyTier-JNI            com.app.ralaunch                     I  easytier::gateway::tcp_proxy: tcp_proxy_listener;
2026-01-30 18:21:42.241 28360-12497 EasyTier-JNI            com.app.ralaunch                     I  easytier::common: join_joinset_background; origin="TcpProxy"
2026-01-30 18:21:42.241 28360-12497 EasyTier-JNI            com.app.ralaunch                     W  easytier::gateway::icmp_proxy: create icmp socket failed: IOError(Os { code: 1, kind: PermissionDenied, message: "Operation not permitted" })
2026-01-30 18:21:42.241 28360-12497 EasyTier-JNI            com.app.ralaunch                     I  easytier::gateway::icmp_proxy: icmp proxy send loop;
2026-01-30 18:21:42.241 28360-12497 EasyTier-JNI            com.app.ralaunch                     I  easytier::gateway::icmp_proxy: icmp proxy nat table cleaner;
2026-01-30 18:21:42.241 28360-12497 EasyTier-JNI            com.app.ralaunch                     I  easytier::connector::tcp_hole_punch: tcp hole punch client start
2026-01-30 18:21:42.241 28360-12497 EasyTier-JNI            com.app.ralaunch                     I  easytier::connector::tcp_hole_punch: tcp hole punch server register rpc
2026-01-30 18:21:42.241 28360-12497 EasyTier-JNI            com.app.ralaunch                     I  easytier::peer_center::instance: periodic_job; my_peer_id=1375244564
2026-01-30 18:21:42.241 28360-12497 EasyTier-JNI            com.app.ralaunch                     I  easytier::peer_center::instance: periodic_job; my_peer_id=1375244564
2026-01-30 18:21:42.242 28360-12500 EasyTier-JNI            com.app.ralaunch                     I  easytier::gateway::kcp_proxy: handle_kcp_output; peer_mgr=PeerManager { my_peer_id: 1375244564, instance_name: "ral_multiplayer", net_ns: None } output_receiver=Receiver { chan: Rx { inner: Chan { tx: Tx { block_tail: 0xb400006f681cb670, tail_position: 0 }, semaphore: Semaphore { semaphore: Semaphore { permits: 1024 }, bound: 1024 }, rx_waker: AtomicWaker, tx_count: 3, rx_fields: "..." } } } is_src=true
2026-01-30 18:21:42.242 28360-12499 EasyTier-JNI            com.app.ralaunch                     I  easytier::gateway::kcp_proxy: handle_kcp_output; peer_mgr=PeerManager { my_peer_id: 1375244564, instance_name: "ral_multiplayer", net_ns: None } output_receiver=Receiver { chan: Rx { inner: Chan { tx: Tx { block_tail: 0xb400006f68251170, tail_position: 0 }, semaphore: Semaphore { semaphore: Semaphore { permits: 1024 }, bound: 1024 }, rx_waker: AtomicWaker, tx_count: 3, rx_fields: "..." } } } is_src=false
2026-01-30 18:21:42.242 28360-12499 EasyTier-JNI            com.app.ralaunch                     I  easytier::connector::tcp_hole_punch: collect_peers_need_task;
2026-01-30 18:21:42.269 28360-12500 EasyTier-JNI            com.app.ralaunch                     I  easytier::common::stun: stun_packet_listener;
2026-01-30 18:21:42.269 28360-12499 EasyTier-JNI            com.app.ralaunch                     I  easytier::common::stun: wait_stun_response; tids=[1781035897, 3284687782] expected_ip_changed=false expected_port_changed=false stun_host=111.206.174.2:3478
2026-01-30 18:21:42.269 28360-12500 EasyTier-JNI            com.app.ralaunch                     I  easytier::common::stun: wait_stun_response; tids=[4273884726, 2566810577] expected_ip_changed=true expected_port_changed=true stun_host=175.6.157.111:3478
2026-01-30 18:21:42.269 28360-12500 EasyTier-JNI            com.app.ralaunch                     I  easytier::common::stun: wait_stun_response; tids=[1376633638, 321829006] expected_ip_changed=false expected_port_changed=true stun_host=111.206.174.2:3478
2026-01-30 18:21:42.269 28360-12499 EasyTier-JNI            com.app.ralaunch                     I  easytier::common::stun: wait_stun_response; tids=[1806337664, 251423071] expected_ip_changed=false expected_port_changed=false stun_host=47.111.68.133:11010
2026-01-30 18:21:42.269 28360-12500 EasyTier-JNI            com.app.ralaunch                     I  easytier::common::stun: wait_stun_response; tids=[662442104, 1828748549] expected_ip_changed=true expected_port_changed=true stun_host=111.206.174.2:3478
2026-01-30 18:21:42.269 28360-12499 EasyTier-JNI            com.app.ralaunch                     I  easytier::common::stun: wait_stun_response; tids=[1567691707, 1527045438] expected_ip_changed=false expected_port_changed=true stun_host=47.111.68.133:11010
2026-01-30 18:21:42.269 28360-12499 EasyTier-JNI            com.app.ralaunch                     I  easytier::common::stun: wait_stun_response; tids=[3108681037, 4085213608] expected_ip_changed=true expected_port_changed=true stun_host=47.111.68.133:11010
2026-01-30 18:21:42.269 28360-12500 EasyTier-JNI            com.app.ralaunch                     I  easytier::common::stun: wait_stun_response; tids=[3801498499, 3094610948] expected_ip_changed=false expected_port_changed=false stun_host=175.6.157.111:3478
2026-01-30 18:21:42.269 28360-12499 EasyTier-JNI            com.app.ralaunch                     I  easytier::common::stun: wait_stun_response; tids=[2652581028, 2349615958] expected_ip_changed=false expected_port_changed=true stun_host=175.6.157.111:3478
2026-01-30 18:21:42.275 28360-12500 EasyTier-JNI            com.app.ralaunch                     W  easytier::common::stun: lookup host for stun failed host="stun-heyuan-v6.easytier.cn:11010" e=Custom { kind: Uncategorized, error: "failed to lookup address information: No address associated with hostname" }
2026-01-30 18:21:42.294 28360-28360 InsetsController        com.app.ralaunch                     D  hide(ime(), fromIme=false)
2026-01-30 18:21:42.299 28360-28360 ImeTracker              com.app.ralaunch                     I  com.app.ralaunch:game:2fa32fd9: onRequestHide at ORIGIN_CLIENT reason HIDE_SOFT_INPUT_BY_INSETS_API fromUser false
2026-01-30 18:21:42.299 28360-28360 ImeTracker              com.app.ralaunch                     I  com.app.ralaunch:game:2fa32fd9: onCancelled at PHASE_CLIENT_ALREADY_HIDDEN
2026-01-30 18:21:42.299 28360-28360 HandWritingStubImpl     com.app.ralaunch                     I  getCurrentKeyboardType: 1
2026-01-30 18:21:42.481 28360-957   AudioTrackImpl          com.app.ralaunch                     D  [audioTrackData][zero] 22s(f:17552 m:0 s:0 k:0 z:22019) : pid 28360 uid 11393 sessionId 19073 sr 48000 ch 2 fmt 5
2026-01-30 18:21:43.231 28360-12500 EasyTier-JNI            com.app.ralaunch                     I  easytier::connector::manual: reconn_interval tick, done
2026-01-30 18:21:43.231 28360-12500 EasyTier-JNI            com.app.ralaunch                     I  easytier::connector::manual: reconnect: tcp://turn.js.629957.xyz:11012
2026-01-30 18:21:43.231 28360-12500 EasyTier-JNI            com.app.ralaunch                     I  easytier::connector::manual: reconnect: tcp://public.easytier.top:11010
2026-01-30 18:21:43.231 28360-12500 EasyTier-JNI            com.app.ralaunch                     I  easytier::connector::manual: reconnect: tcp://public2.easytier.cn:54321
2026-01-30 18:21:43.231 28360-12500 EasyTier-JNI            com.app.ralaunch                     I  easytier::connector::manual: reconnect: tcp://sh.993555.xyz:11010
2026-01-30 18:21:43.231 28360-12500 EasyTier-JNI            com.app.ralaunch                     I  easytier::connector::manual: reconnect: tcp://turn.bj.629957.xyz:11010
2026-01-30 18:21:43.232 28360-12499 EasyTier-JNI            com.app.ralaunch                     I  easytier::connector::manual: reconnect: tcp://public.easytier.cn:11010
2026-01-30 18:21:43.232 28360-12500 EasyTier-JNI            com.app.ralaunch                     I  easytier::connector::manual: reconnect: tcp://turn.hb.629957.xyz:11010
2026-01-30 18:21:43.232 28360-12500 EasyTier-JNI            com.app.ralaunch                     I  easytier::connector::manual: reconnect: tcp://ah.nkbpal.cn:11010
2026-01-30 18:21:43.232 28360-12500 EasyTier-JNI            com.app.ralaunch                     I  easytier::connector::manual: reconnect: tcp://et-hk.clickor.click:11010
2026-01-30 18:21:43.232 28360-12500 EasyTier-JNI            com.app.ralaunch                     I  easytier::connector::manual: reconnect: tcp://et.sh.suhoan.cn:11010
2026-01-30 18:21:43.234 28360-12500 EasyTier-JNI            com.app.ralaunch                     D  easytier::peers::peer_ospf_route: update_peer_info_last_update, my_peer_id: 1375244564, prev: Instant { tv_sec: 196250, tv_nsec: 18963938 }, new: Instant { tv_sec: 196251, tv_nsec: 21286229 }
2026-01-30 18:21:43.234 28360-12500 EasyTier-JNI            com.app.ralaunch                     D  easytier::peers::peer_ospf_route: update_peer_info_last_update, my_peer_id: 1375244564, prev: Instant { tv_sec: 196251, tv_nsec: 21335187 }, new: Instant { tv_sec: 196251, tv_nsec: 21491489 }
2026-01-30 18:21:43.234 28360-12500 EasyTier-JNI            com.app.ralaunch                     D  easytier::peers::peer_ospf_route: sync_now_broadcast.send ret=Ok(1) reason="update_my_infos"
2026-01-30 18:21:43.235 28360-12499 EasyTier-JNI            com.app.ralaunch                     E  easytier::common::dns: system dns lookup failed e=Custom { kind: Uncategorized, error: "failed to lookup address information: No address associated with hostname" }
2026-01-30 18:21:43.235 28360-12499 EasyTier-JNI            com.app.ralaunch                     D  hickory_resolver::lookup_ip: both of ipv4 or ipv6 lookup failed in ipv4_and_ipv6 strategy e1: proto error: no records found for Query { name: Name("turn.bj.629957.xyz."), query_type: A, query_class: IN }, e2: proto error: no records found for Query { name: Name("turn.bj.629957.xyz."), query_type: AAAA, query_class: IN }
2026-01-30 18:21:43.235 28360-12500 EasyTier-JNI            com.app.ralaunch                     I  easytier::peers::peer_ospf_route: global event received in update_my_peer_info_routine ev=Ok(ConnectError("tcp://turn.bj.629957.xyz:11010", "Both", "AnyhowError(hickory dns lookup_ip failed, host: turn.bj.629957.xyz, port: 11010\n\nCaused by:\n    proto error: no records found for Query { name: Name(\"turn.bj.629957.xyz.\"), query_type: A, query_class: IN })"))
2026-01-30 18:21:43.235 28360-12500 EasyTier-JNI            com.app.ralaunch                     W  easytier::connector::manual: reconn_tasks done, reconn result: Some(Err(AnyhowError(get ip from url failed: AnyhowError(hickory dns lookup_ip failed, host: turn.bj.629957.xyz, port: 11010
                                                                                                    
                                                                                                    Caused by:
                                                                                                        proto error: no records found for Query { name: Name("turn.bj.629957.xyz."), query_type: A, query_class: IN }))))
2026-01-30 18:21:43.237 28360-12499 EasyTier-JNI            com.app.ralaunch                     E  easytier::common::dns: system dns lookup failed e=Custom { kind: Uncategorized, error: "failed to lookup address information: No address associated with hostname" }
2026-01-30 18:21:43.237 28360-12499 EasyTier-JNI            com.app.ralaunch                     D  hickory_proto::xfer::dns_handle: querying: turn.hb.629957.xyz. AAAA
2026-01-30 18:21:43.237 28360-12499 EasyTier-JNI            com.app.ralaunch                     D  hickory_resolver::name_server::name_server_pool: sending request: [Query { name: Name("turn.hb.629957.xyz."), query_type: AAAA, query_class: IN }]
2026-01-30 18:21:43.237 28360-12499 EasyTier-JNI            com.app.ralaunch                     D  hickory_resolver::name_server::name_server: existing connection: NameServerConfig { socket_addr: 180.184.1.1:53, protocol: Udp, tls_dns_name: None, http_endpoint: None, trust_negative_responses: true, bind_addr: None }
2026-01-30 18:21:43.237 28360-12499 EasyTier-JNI            com.app.ralaunch                     D  hickory_proto::xfer: enqueueing message:QUERY:[Query { name: Name("turn.hb.629957.xyz."), query_type: AAAA, query_class: IN }]
2026-01-30 18:21:43.237 28360-12499 EasyTier-JNI            com.app.ralaunch                     D  hickory_proto::xfer: unable to enqueue message
2026-01-30 18:21:43.237 28360-12499 EasyTier-JNI            com.app.ralaunch                     D  hickory_resolver::name_server::name_server: name_server connection failure: resource too busy config=NameServerConfig { socket_addr: 180.184.1.1:53, protocol: Udp, tls_dns_name: None, http_endpoint: None, trust_negative_responses: true, bind_addr: None }
2026-01-30 18:21:43.237 28360-12499 EasyTier-JNI            com.app.ralaunch                     D  hickory_resolver::name_server::name_server: existing connection: NameServerConfig { socket_addr: 223.5.5.5:53, protocol: Udp, tls_dns_name: None, http_endpoint: None, trust_negative_responses: true, bind_addr: None }
2026-01-30 18:21:43.237 28360-12499 EasyTier-JNI            com.app.ralaunch                     D  hickory_proto::xfer: enqueueing message:QUERY:[Query { name: Name("turn.hb.629957.xyz."), query_type: AAAA, query_class: IN }]
2026-01-30 18:21:43.237 28360-12499 EasyTier-JNI            com.app.ralaunch                     D  hickory_proto::xfer: unable to enqueue message
2026-01-30 18:21:43.237 28360-12499 EasyTier-JNI            com.app.ralaunch                     D  hickory_resolver::name_server::name_server: name_server connection failure: resource too busy config=NameServerConfig { socket_addr: 223.5.5.5:53, protocol: Udp, tls_dns_name: None, http_endpoint: None, trust_negative_responses: true, bind_addr: None }
2026-01-30 18:21:43.243 28360-12499 EasyTier-JNI            com.app.ralaunch                     D  easytier::common::dns: system dns lookup done a=[110.42.53.117:54321]
2026-01-30 18:21:43.243 28360-12499 EasyTier-JNI            com.app.ralaunch                     I  easytier::connector::manual: get ip from url done addrs=[110.42.53.117:54321] dead_url=Url { scheme: "tcp", cannot_be_a_base: false, username: "", password: None, host: Some(Domain("public2.easytier.cn")), port: Some(54321), path: "", query: None, fragment: None }
2026-01-30 18:21:43.243 28360-12500 EasyTier-JNI            com.app.ralaunch                     D  easytier::common::dns: system dns lookup done a=[192.140.162.233:11010]
2026-01-30 18:21:43.244 28360-12500 EasyTier-JNI            com.app.ralaunch                     I  easytier::connector::manual: get ip from url done addrs=[192.140.162.233:11010] dead_url=Url { scheme: "tcp", cannot_be_a_base: false, username: "", password: None, host: Some(Domain("public.easytier.top")), port: Some(11010), path: "", query: None, fragment: None }
2026-01-30 18:21:43.247 28360-12500 EasyTier-JNI            com.app.ralaunch                     D  easytier::common::dns: system dns lookup done a=[103.40.13.95:11012]
2026-01-30 18:21:43.247 28360-12500 EasyTier-JNI            com.app.ralaunch                     I  easytier::connector::manual: get ip from url done addrs=[103.40.13.95:11012] dead_url=Url { scheme: "tcp", cannot_be_a_base: false, username: "", password: None, host: Some(Domain("turn.js.629957.xyz")), port: Some(11012), path: "", query: None, fragment: None }
2026-01-30 18:21:43.248 28360-12499 EasyTier-JNI            com.app.ralaunch                     D  easytier::common::dns: system dns lookup done a=[106.75.249.131:11010]
2026-01-30 18:21:43.248 28360-12499 EasyTier-JNI            com.app.ralaunch                     I  easytier::connector::manual: get ip from url done addrs=[106.75.249.131:11010] dead_url=Url { scheme: "tcp", cannot_be_a_base: false, username: "", password: None, host: Some(Domain("sh.993555.xyz")), port: Some(11010), path: "", query: None, fragment: None }
2026-01-30 18:21:43.249 28360-12500 EasyTier-JNI            com.app.ralaunch                     E  easytier::common::dns: system dns lookup failed e=Custom { kind: Uncategorized, error: "failed to lookup address information: No address associated with hostname" }
2026-01-30 18:21:43.249 28360-12500 EasyTier-JNI            com.app.ralaunch                     D  hickory_proto::xfer::dns_handle: querying: et.sh.suhoan.cn. A
2026-01-30 18:21:43.249 28360-12500 EasyTier-JNI            com.app.ralaunch                     D  hickory_resolver::name_server::name_server_pool: sending request: [Query { name: Name("et.sh.suhoan.cn."), query_type: A, query_class: IN }]
2026-01-30 18:21:43.249 28360-12500 EasyTier-JNI            com.app.ralaunch                     D  hickory_resolver::name_server::name_server: reconnecting: NameServerConfig { socket_addr: 180.184.1.1:53, protocol: Udp, tls_dns_name: None, http_endpoint: None, trust_negative_responses: true, bind_addr: None }
2026-01-30 18:21:43.249 28360-12500 EasyTier-JNI            com.app.ralaunch                     D  hickory_proto::xfer: enqueueing message:QUERY:[Query { name: Name("et.sh.suhoan.cn."), query_type: A, query_class: IN }]
2026-01-30 18:21:43.249 28360-12500 EasyTier-JNI            com.app.ralaunch                     D  hickory_resolver::name_server::name_server: reconnecting: NameServerConfig { socket_addr: 223.5.5.5:53, protocol: Udp, tls_dns_name: None, http_endpoint: None, trust_negative_responses: true, bind_addr: None }
2026-01-30 18:21:43.249 28360-12500 EasyTier-JNI            com.app.ralaunch                     D  hickory_proto::xfer: enqueueing message:QUERY:[Query { name: Name("et.sh.suhoan.cn."), query_type: A, query_class: IN }]
2026-01-30 18:21:43.249 28360-12500 EasyTier-JNI            com.app.ralaunch                     D  hickory_proto::xfer::dns_handle: querying: et.sh.suhoan.cn. AAAA
2026-01-30 18:21:43.249 28360-12500 EasyTier-JNI            com.app.ralaunch                     D  hickory_resolver::name_server::name_server_pool: sending request: [Query { name: Name("et.sh.suhoan.cn."), query_type: AAAA, query_class: IN }]
2026-01-30 18:21:43.249 28360-12500 EasyTier-JNI            com.app.ralaunch                     D  hickory_resolver::name_server::name_server: existing connection: NameServerConfig { socket_addr: 180.184.1.1:53, protocol: Udp, tls_dns_name: None, http_endpoint: None, trust_negative_responses: true, bind_addr: None }
2026-01-30 18:21:43.249 28360-12500 EasyTier-JNI            com.app.ralaunch                     D  hickory_proto::xfer: enqueueing message:QUERY:[Query { name: Name("et.sh.suhoan.cn."), query_type: AAAA, query_class: IN }]
2026-01-30 18:21:43.249 28360-12500 EasyTier-JNI            com.app.ralaunch                     D  hickory_resolver::name_server::name_server: existing connection: NameServerConfig { socket_addr: 223.5.5.5:53, protocol: Udp, tls_dns_name: None, http_endpoint: None, trust_negative_responses: true, bind_addr: None }
2026-01-30 18:21:43.249 28360-12500 EasyTier-JNI            com.app.ralaunch                     D  hickory_proto::xfer: enqueueing message:QUERY:[Query { name: Name("et.sh.suhoan.cn."), query_type: AAAA, query_class: IN }]
2026-01-30 18:21:43.249 28360-12500 EasyTier-JNI            com.app.ralaunch                     D  hickory_proto::udp::udp_client_stream: final message: ; header 28756:QUERY:RD:NoError:QUERY:0/0/0
                                                                                                    ; query
                                                                                                    ;; et.sh.suhoan.cn. IN A
2026-01-30 18:21:43.249 28360-12500 EasyTier-JNI            com.app.ralaunch                     D  hickory_proto::udp::udp_client_stream: final message: ; header 19126:QUERY:RD:NoError:QUERY:0/0/0
                                                                                                    ; query
                                                                                                    ;; et.sh.suhoan.cn. IN AAAA
2026-01-30 18:21:43.249 28360-12500 EasyTier-JNI            com.app.ralaunch                     D  hickory_proto::udp::udp_client_stream: final message: ; header 34612:QUERY:RD:NoError:QUERY:0/0/0
                                                                                                    ; query
                                                                                                    ;; et.sh.suhoan.cn. IN A
2026-01-30 18:21:43.249 28360-12500 EasyTier-JNI            com.app.ralaunch                     D  hickory_proto::udp::udp_client_stream: final message: ; header 3720:QUERY:RD:NoError:QUERY:0/0/0
                                                                                                    ; query
                                                                                                    ;; et.sh.suhoan.cn. IN AAAA
2026-01-30 18:21:43.249 28360-12500 EasyTier-JNI            com.app.ralaunch                     D  hickory_proto::udp::udp_stream: created socket successfully
2026-01-30 18:21:43.249 28360-12500 EasyTier-JNI            com.app.ralaunch                     D  hickory_proto::udp::udp_stream: created socket successfully
2026-01-30 18:21:43.249 28360-12500 EasyTier-JNI            com.app.ralaunch                     D  hickory_proto::udp::udp_stream: created socket successfully
2026-01-30 18:21:43.249 28360-12500 EasyTier-JNI            com.app.ralaunch                     D  hickory_proto::udp::udp_stream: created socket successfully
2026-01-30 18:21:43.252 28360-12500 EasyTier-JNI            com.app.ralaunch                     D  easytier::common::dns: system dns lookup done a=[192.140.162.233:11010]
2026-01-30 18:21:43.252 28360-12500 EasyTier-JNI            com.app.ralaunch                     D  easytier::tunnel: convert url to socket addrs addrs=[192.140.162.233:11010] ip_version=V4 url=Url { scheme: "tcp", cannot_be_a_base: false, username: "", password: None, host: Some(Domain("public.easytier.top")), port: Some(11010), path: "", query: None, fragment: None }
2026-01-30 18:21:43.252 28360-12500 EasyTier-JNI            com.app.ralaunch                     I  easytier::connector::manual: reconnect try connect... conn: TunnelConnector { remote_url: Url { scheme: "tcp", cannot_be_a_base: false, username: "", password: None, host: Some(Domain("public.easytier.top")), port: Some(11010), path: "", query: None, fragment: None } }
2026-01-30 18:21:43.254 28360-12500 EasyTier-JNI            com.app.ralaunch                     I  easytier::peers::peer_manager: try_direct_connect; self=PeerManager { my_peer_id: 1375244564, instance_name: "ral_multiplayer", net_ns: None } connector=TunnelConnector { remote_url: Url { scheme: "tcp", cannot_be_a_base: false, username: "", password: None, host: Some(Domain("public.easytier.top")), port: Some(11010), path: "", query: None, fragment: None } }
2026-01-30 18:21:43.254 28360-12500 EasyTier-JNI            com.app.ralaunch                     I  easytier::peers::peer_manager: try_direct_connect_with_peer_id_hint; self=PeerManager { my_peer_id: 1375244564, instance_name: "ral_multiplayer", net_ns: None } connector=TunnelConnector { remote_url: Url { scheme: "tcp", cannot_be_a_base: false, username: "", password: None, host: Some(Domain("public.easytier.top")), port: Some(11010), path: "", query: None, fragment: None } } peer_id_hint=None
2026-01-30 18:21:43.254 28360-12500 EasyTier-JNI            com.app.ralaunch                     D  easytier::common::dns: system dns lookup done a=[103.40.13.95:11012]
2026-01-30 18:21:43.254 28360-12500 EasyTier-JNI            com.app.ralaunch                     D  easytier::tunnel: convert url to socket addrs addrs=[103.40.13.95:11012] ip_version=V4 url=Url { scheme: "tcp", cannot_be_a_base: false, username: "", password: None, host: Some(Domain("turn.js.629957.xyz")), port: Some(11012), path: "", query: None, fragment: None }
2026-01-30 18:21:43.254 28360-12500 EasyTier-JNI            com.app.ralaunch                     I  easytier::connector::manual: reconnect try connect... conn: TunnelConnector { remote_url: Url { scheme: "tcp", cannot_be_a_base: false, username: "", password: None, host: Some(Domain("turn.js.629957.xyz")), port: Some(11012), path: "", query: None, fragment: None } }
2026-01-30 18:21:43.254 28360-12500 EasyTier-JNI            com.app.ralaunch                     I  easytier::peers::peer_manager: try_direct_connect; self=PeerManager { my_peer_id: 1375244564, instance_name: "ral_multiplayer", net_ns: None } connector=TunnelConnector { remote_url: Url { scheme: "tcp", cannot_be_a_base: false, username: "", password: None, host: Some(Domain("turn.js.629957.xyz")), port: Some(11012), path: "", query: None, fragment: None } }
