2026-01-30 18:21:11.722 28360-1035  EasyTier-JNI            com.app.ralaunch                     D  r_id: 1506062941, path_latency: 0, path_len: 0, version: 49 }}, ipv4_peer_id_map: {}, ipv6_peer_id_map: {}, cidr_peer_id_map: ArcSwapAny(0.0.0.0/0), cidr_v6_peer_id_map: ArcSwapAny(::/0), next_hop_map_version: AtomicVersion(49) }, synced_route_info: SyncedRouteInfo { peer_infos: RwLock { data: {4199572760: RoutePeerInfo { peer_id: 4199572760, inst_id: Some(91b50469-f662-4cd2-92be-8557cb9f9e9c), cost: 0, ipv4_addr: None, proxy_cidrs: [], hostname: Some("PublicServer_hubei-public.easyti"), udp_nat_type: Restricted, last_update: Some(Timestamp { seconds: 1769768173, nanos: 305866043 }), version: 1, easytier_version: "2.5.0-db059c17~", feature_flag: Some(PeerFeatureFlag { is_public_server: true, avoid_relay_data: false, kcp_input: true, no_relay_kcp: false, support_conn_list_sync: true }), peer_route_id: 7456746964691987349, network_length: 24, quic_port: None, ipv6_addr: None, groups: [], tcp_nat_type: Unknown }, 1300573402: RoutePeerInfo { peer_id: 1300573402, inst_id: Some(5151b36e-9957-402b-bf9d-2d2bef2b8cff), cost: 0, ipv4_addr: None, proxy_cidrs: [], hostname: Some("PublicServer_easytier"), udp_nat_type: PortRestricted, last_update: Some(Timestamp { seconds: 1769768173, nanos: 306844064 }), version: 1, easytier_version: "2.4.5-4c4d172e", feature_flag: Some(PeerFeatureFlag { is_public_server: true, avoid_relay_data: false, kcp_input: true, no_relay_kcp: false, support_conn_list_sync: false }), peer_route_id: 1636887429506491130, network_length: 24, quic_port: None, ipv6_addr: None, groups: [], tcp_nat_type: Unknown }, 842473718: RoutePeerInfo { peer_id: 842473718, inst_id: Some(baf886bd-7784-4981-b96e-3a318ecb9560), cost: 0, ipv4_addr: None, proxy_cidrs: [], hostname: Some("PublicServer_小探的服务器-江苏中转"), udp_nat_type: Unknown, last_update: Some(Timestamp { seconds: 1769768173, nanos: 308035106 }), version: 1, easytier_version: "2.5.0-88a45d11", feature_flag: Some(PeerFeatureFlag { is_public_server: true, avoid_relay_data: false, kcp_input: false, no_relay_kcp: true, support_conn_list_sync: true }), peer_route_id: 8837928654200313119, network_length: 24, quic_port: None, ipv6_addr: None, groups: [], tcp_nat_type: NoPat }, 2883360140: RoutePeerInfo { peer_id: 2883360140, inst_id: Some(83c2bcae-52f5-41ab-9b89-23a337614b1f), cost: 0, ipv4_addr: None, proxy_cidrs: [], hostname: Some("PublicServer_instance-iEhfO4UB"), udp_nat_type: Restricted, last_update: Some(Timestamp { seconds: 1769768173, nanos: 323519220 }), version: 1, easytier_version: "2.4.5-d726d46a~", feature_flag: Some(PeerFeatureFlag { is_public_server: true, avoid_relay_data: false, kcp_input: true, no_relay_kcp: false, support_conn_list_sync: true }), peer_route_id: 11983355316029406378, network_length: 24, quic_port: None, ipv6_addr: None, groups: [], tcp_nat_type: Unknown }, 1506062941: RoutePeerInfo { peer_id: 1506062941, inst_id: Some(414f44f6-fb98-462a-9ab6-1208bc0b5ee9), cost: 0, ipv4_addr: None, proxy_cidrs: [], hostname: Some("host"), udp_nat_type: PortRestricted, last_update: Some(Timestamp { seconds: 1769768176, nanos: 887345313 }), version: 4, easytier_version: "2.5.0-ffe5644d~", feature_flag: Some(PeerFeatureFlag { is_public_server: false, avoid_relay_data: false, kcp_input: true, no_relay_kcp: false, support_conn_list_sync: true }), peer_route_id: 12067140238427476802, network_length: 24, quic_port: Some(48870), ipv6_addr: None, groups: [], tcp_nat_type: FullCone }, 3230692225: RoutePeerInfo { peer_id: 3230692225, inst_id: Some(7ee9d238-bdb8-45a7-bedd-62dc640b299b), cost: 0, ipv4_addr: None, proxy_cidrs: [], hostname: Some("guest_251"), udp_nat_type: PortRestricted, last_update: Some(Timestamp { seconds: 1769768227, nanos: 556071491 }), version: 4, easytier_version: "2.5.0-ffe5644d~", feature_flag: Some(PeerFeatureFlag { is_public_server: false, avoid_relay_data: false, kcp_input: true, no_relay_kcp: false, support_conn_list_sync: true }), peer_route_id: 369698261904758449, network_length: 24, quic_port: Some(39881), ipv6_addr: None, gro
2026-01-30 18:21:11.722 28360-1035  EasyTier-JNI            com.app.ralaunch                     D  ups: [], tcp_nat_type: FullCone }} }, conn_map: RwLock { data: {1506062941: RouteConnInfo { connected_peers: {842473718, 1300573402, 2883360140, 4199572760}, version: AtomicVersion(4), last_update: SystemTime { tv_sec: 1769768173, tv_nsec: 317523231 } }, 1300573402: RouteConnInfo { connected_peers: {1506062941, 3230692225}, version: AtomicVersion(4), last_update: SystemTime { tv_sec: 1769768224, tv_nsec: 559261961 } }, 4199572760: RouteConnInfo { connected_peers: {1506062941, 3230692225}, version: AtomicVersion(5), last_update: SystemTime { tv_sec: 1769768224, tv_nsec: 569794565 } }, 2883360140: RouteConnInfo { connected_peers: {1506062941, 3230692225}, version: AtomicVersion(4), last_update: SystemTime { tv_sec: 1769768224, tv_nsec: 583066336 } }, 842473718: RouteConnInfo { connected_peers: {1506062941, 3230692225}, version: AtomicVersion(5), last_update: SystemTime { tv_sec: 1769768224, tv_nsec: 617211545 } }, 3230692225: RouteConnInfo { connected_peers: {842473718, 1300573402, 2883360140, 4199572760}, version: AtomicVersion(5), last_update: SystemTime { tv_sec: 1769768224, tv_nsec: 714253680 } }} }, foreign_network: {}, group_trust_map: {1506062941: {}}, version: 49 }, foreign_network_owner_map: {}, foreign_network_my_peer_id_map: {}, cached_local_conn_map: RouteConnBitmap { peer_ids: [PeerIdVersion { peer_id: 842473718, version: 5 }, PeerIdVersion { peer_id: 1300573402, version: 4 }, PeerIdVersion { peer_id: 1506062941, version: 4 }, PeerIdVersion { peer_id: 2883360140, version: 4 }, PeerIdVersion { peer_id: 3230692225, version: 5 }, PeerIdVersion { peer_id: 4199572760, version: 5 }], bitmap: [20, 181, 82, 43, 5] } }
2026-01-30 18:21:11.723 28360-1035  EasyTier-JNI            com.app.ralaunch                     D  easytier::peers::peer_ospf_route: drop SyncRouteSession self=SyncRouteSession { my_peer_id: 1506062941, dst_peer_id: 4199572760, dst_saved_peer_info_versions: {}, dst_saved_conn_info_version: {}, dst_saved_foreign_network_versions: {}, unreachable_peers_for_peer_info: Mutex { data: {} }, unreachable_peers_for_conn_info: Mutex { data: {} }, last_sync_succ_timestamp: AtomicCell { value: Some(SystemTime { tv_sec: 1769768227, tv_nsec: 558363679 }) }, my_session_id: 16995753437198264887, dst_session_id: 2403119907903921692, we_are_initiator: false, dst_is_initiator: true, need_sync_initiator_info: false, rpc_tx_count: 16, rpc_rx_count: 30, task: SessionTask { is_running: false }, lock: Mutex { data: () } }
2026-01-30 18:21:11.723 28360-1035  EasyTier-JNI            com.app.ralaunch                     D  easytier::peers::peer_ospf_route: drop SessionTask my_peer_id=1506062941
2026-01-30 18:21:11.723 28360-1035  EasyTier-JNI            com.app.ralaunch                     D  easytier::peers::peer_ospf_route: drop SyncRouteSession self=SyncRouteSession { my_peer_id: 1506062941, dst_peer_id: 842473718, dst_saved_peer_info_versions: {}, dst_saved_conn_info_version: {}, dst_saved_foreign_network_versions: {}, unreachable_peers_for_peer_info: Mutex { data: {} }, unreachable_peers_for_conn_info: Mutex { data: {} }, last_sync_succ_timestamp: AtomicCell { value: Some(SystemTime { tv_sec: 1769768227, tv_nsec: 561521648 }) }, my_session_id: 14792750086345677104, dst_session_id: 14106744909059465440, we_are_initiator: false, dst_is_initiator: true, need_sync_initiator_info: false, rpc_tx_count: 14, rpc_rx_count: 35, task: SessionTask { is_running: false }, lock: Mutex { data: () } }
2026-01-30 18:21:11.723 28360-1035  EasyTier-JNI            com.app.ralaunch                     D  easytier::peers::peer_ospf_route: drop SessionTask my_peer_id=1506062941
2026-01-30 18:21:11.723 28360-1035  EasyTier-JNI            com.app.ralaunch                     D  easytier::peers::peer_ospf_route: drop SyncRouteSession self=SyncRouteSession { my_peer_id: 1506062941, dst_peer_id: 1300573402, dst_saved_peer_info_versions: {}, dst_saved_conn_info_version: {}, dst_saved_foreign_network_versions: {}, unreachable_peers_for_peer_info: Mutex { data: {} }, unreachable_peers_for_conn_info: Mutex { data: {} }, last_sync_succ_timestamp: AtomicCell { value: Some(SystemTime { tv_sec: 1769768227, tv_nsec: 559115971 }) }, my_session_id: 97505578675393746, dst_session_id: 9884551527684337695, we_are_initiator: false, dst_is_initiator: true, need_sync_initiator_info: false, rpc_tx_count: 15, rpc_rx_count: 32, task: SessionTask { is_running: false }, lock: Mutex { data: () } }
2026-01-30 18:21:11.723 28360-1035  EasyTier-JNI            com.app.ralaunch                     D  easytier::peers::peer_ospf_route: drop SessionTask my_peer_id=1506062941
2026-01-30 18:21:11.723 28360-1035  EasyTier-JNI            com.app.ralaunch                     D  easytier::peers::peer_ospf_route: drop SyncRouteSession self=SyncRouteSession { my_peer_id: 1506062941, dst_peer_id: 2883360140, dst_saved_peer_info_versions: {}, dst_saved_conn_info_version: {}, dst_saved_foreign_network_versions: {}, unreachable_peers_for_peer_info: Mutex { data: {} }, unreachable_peers_for_conn_info: Mutex { data: {} }, last_sync_succ_timestamp: AtomicCell { value: Some(SystemTime { tv_sec: 1769768462, tv_nsec: 584863902 }) }, my_session_id: 1296316304119434320, dst_session_id: 14127964864950950570, we_are_initiator: true, dst_is_initiator: false, need_sync_initiator_info: false, rpc_tx_count: 36, rpc_rx_count: 15, task: SessionTask { is_running: false }, lock: Mutex { data: () } }
2026-01-30 18:21:11.723 28360-1035  EasyTier-JNI            com.app.ralaunch                     D  easytier::peers::peer_ospf_route: drop SessionTask my_peer_id=1506062941
2026-01-30 18:21:11.738 28360-1028  EasyTierManager         com.app.ralaunch                     I  EasyTier disconnected and VPN stopped
2026-01-30 18:21:11.793 28360-28360 EasyTierVpnService      com.app.ralaunch                     I  VPN stopped
2026-01-30 18:21:11.812 28360-28360 EasyTierVpnService      com.app.ralaunch                     I  VPN stopped
2026-01-30 18:21:13.502 28360-957   AudioTrackImpl          com.app.ralaunch                     D  [audioTrackData][zero] 1s(f:16591 m:0 s:0 k:0 z:1040) : pid 28360 uid 11393 sessionId 19073 sr 48000 ch 2 fmt 5
2026-01-30 18:21:14.882 28360-961   AudioTrackImpl          com.app.ralaunch                     D  [audioTrackData][fine] 45s(f:45039 m:0 s:0 k:0 z:0) : pid 28360 uid 11393 sessionId 19081 sr 48000 ch 2 fmt 5 maxAmplitude 1195996781
2026-01-30 18:21:14.942 28360-957   AudioTrackImpl          com.app.ralaunch                     D  [audioTrackData][zero] 1s(f:16911 m:0 s:0 k:0 z:1040) : pid 28360 uid 11393 sessionId 19073 sr 48000 ch 2 fmt 5
2026-01-30 18:21:15.903 28360-957   AudioTrackImpl          com.app.ralaunch                     D  [audioTrackData][zero] 2s(f:16911 m:0 s:0 k:0 z:2001) : pid 28360 uid 11393 sessionId 19073 sr 48000 ch 2 fmt 5
2026-01-30 18:21:16.942 28360-957   AudioTrackImpl          com.app.ralaunch                     D  [audioTrackData][zero] 3s(f:16911 m:0 s:0 k:0 z:3040) : pid 28360 uid 11393 sessionId 19073 sr 48000 ch 2 fmt 5
2026-01-30 18:21:17.902 28360-957   AudioTrackImpl          com.app.ralaunch                     D  [audioTrackData][zero] 4s(f:16911 m:0 s:0 k:0 z:4000) : pid 28360 uid 11393 sessionId 19073 sr 48000 ch 2 fmt 5
2026-01-30 18:21:18.942 28360-957   AudioTrackImpl          com.app.ralaunch                     D  [audioTrackData][zero] 5s(f:16911 m:0 s:0 k:0 z:5040) : pid 28360 uid 11393 sessionId 19073 sr 48000 ch 2 fmt 5
2026-01-30 18:21:19.922 28360-961   AudioTrackImpl          com.app.ralaunch                     D  [audioTrackData][fine] 50s(f:50079 m:0 s:0 k:0 z:0) : pid 28360 uid 11393 sessionId 19081 sr 48000 ch 2 fmt 5 maxAmplitude 1207701408
2026-01-30 18:21:21.502 28360-957   AudioTrackImpl          com.app.ralaunch                     D  [audioTrackData][zero] 1s(f:17552 m:0 s:0 k:0 z:1039) : pid 28360 uid 11393 sessionId 19073 sr 48000 ch 2 fmt 5
2026-01-30 18:21:22.542 28360-957   AudioTrackImpl          com.app.ralaunch                     D  [audioTrackData][zero] 2s(f:17552 m:0 s:0 k:0 z:2079) : pid 28360 uid 11393 sessionId 19073 sr 48000 ch 2 fmt 5
2026-01-30 18:21:23.502 28360-957   AudioTrackImpl          com.app.ralaunch                     D  [audioTrackData][zero] 3s(f:17552 m:0 s:0 k:0 z:3039) : pid 28360 uid 11393 sessionId 19073 sr 48000 ch 2 fmt 5
2026-01-30 18:21:24.542 28360-957   AudioTrackImpl          com.app.ralaunch                     D  [audioTrackData][zero] 4s(f:17552 m:0 s:0 k:0 z:4079) : pid 28360 uid 11393 sessionId 19073 sr 48000 ch 2 fmt 5
2026-01-30 18:21:24.882 28360-961   AudioTrackImpl          com.app.ralaunch                     D  [audioTrackData][fine] 55s(f:55039 m:0 s:0 k:0 z:0) : pid 28360 uid 11393 sessionId 19081 sr 48000 ch 2 fmt 5 maxAmplitude 1189836372
2026-01-30 18:21:25.502 28360-957   AudioTrackImpl          com.app.ralaunch                     D  [audioTrackData][zero] 5s(f:17552 m:0 s:0 k:0 z:5039) : pid 28360 uid 11393 sessionId 19073 sr 48000 ch 2 fmt 5
2026-01-30 18:21:26.542 28360-957   AudioTrackImpl          com.app.ralaunch                     D  [audioTrackData][zero] 6s(f:17552 m:0 s:0 k:0 z:6079) : pid 28360 uid 11393 sessionId 19073 sr 48000 ch 2 fmt 5
2026-01-30 18:21:27.314 28360-28360 MIUIInput               com.app.ralaunch                     I  [MotionEvent] ViewRootImpl windowName 'com.app.ralaunch/com.app.ralaunch.ui.game.GameActivity', { action=ACTION_DOWN, id[0]=0, pointerCount=1, eventTime=196235097, downTime=196235097, phoneEventTime=18:21:27.310 } moveCount:0
2026-01-30 18:21:27.315 28360-28360 VRI[GameActivity]       com.app.ralaunch                     D  getMiuiFreeformStackInfo mTmpFrames.miuiFreeFormStackInfo: null
2026-01-30 18:21:27.498 28360-28360 MIUIInput               com.app.ralaunch                     I  [MotionEvent] ViewRootImpl windowName 'com.app.ralaunch/com.app.ralaunch.ui.game.GameActivity', { action=ACTION_UP, id[0]=0, pointerCount=1, eventTime=196235283, downTime=196235097, phoneEventTime=18:21:27.496 } moveCount:12
2026-01-30 18:21:27.502 28360-957   AudioTrackImpl          com.app.ralaunch                     D  [audioTrackData][zero] 7s(f:17552 m:0 s:0 k:0 z:7039) : pid 28360 uid 11393 sessionId 19073 sr 48000 ch 2 fmt 5
2026-01-30 18:21:28.542 28360-957   AudioTrackImpl          com.app.ralaunch                     D  [audioTrackData][zero] 8s(f:17552 m:0 s:0 k:0 z:8079) : pid 28360 uid 11393 sessionId 19073 sr 48000 ch 2 fmt 5
2026-01-30 18:21:28.936 28360-901   ContentCatcher          com.app.ralaunch                     I  SettingTrigger : unregister status observer com.app.ralaunch.ui.game.GameActivity
2026-01-30 18:21:28.946  2916-2962  TransitionChain         system_server                        E  Mismatch between current collecting (TransitionRecord{7c5d8b4 id=5428 type=OPEN flags=0x0 c=[
                                                                                                       ChangeInfo{b544fb2 container=Display{#0 state=ON size=2400x1080 ROTATION_90} flags=0x0}
                                                                                                       ChangeInfo{8da5b03 container=ActivityRecord{108809437 u0 com.miui.home/.launcher.Launcher t-1} flags=0x0}
                                                                                                       ChangeInfo{405da80 container=ActivityRecord{111451667 u0 com.miui.home/.launcher.Launcher t11} flags=0x0}
                                                                                                       ChangeInfo{e1138b9 container=ActivityRecord{120192945 u0 com.app.ralaunch/.ui.game.GameActivity t419} flags=0x0}
                                                                                                       ChangeInfo{4b3b4fe container=Task{7aff01f #1 type=home} flags=0x0}
                                                                                                       ChangeInfo{c1da45f container=Task{88f1785 #419 type=standard A=11393:com.app.ralaunch} flags=0x0}
                                                                                                       ChangeInfo{12e1eac container=Task{a13a25a #11 type=home I=com.miui.home/.launcher.Launcher} flags=0x0}
                                                                                                       ChangeInfo{303a775 container=DefaultTaskDisplayArea@177186671 flags=0x0}
                                                                                                    ]
                                                                                                    }) and chain (TransitionRecord{7c5d8b4 id=5428 type=OPEN flags=0x0 c=[
                                                                                                       ChangeInfo{b544fb2 container=Display{#0 state=ON size=2400x1080 ROTATION_90} flags=0x0}
                                                                                                       ChangeInfo{8da5b03 container=ActivityRecord{108809437 u0 com.miui.home/.launcher.Launcher t-1} flags=0x0}
                                                                                                       ChangeInfo{405da80 container=ActivityRecord{111451667 u0 com.miui.home/.launcher.Launcher t11} flags=0x0}
                                                                                                       ChangeInfo{e1138b9 container=ActivityRecord{120192945 u0 com.app.ralaunch/.ui.game.GameActivity t419} flags=0x0}
                                                                                                       ChangeInfo{4b3b4fe container=Task{7aff01f #1 type=home} flags=0x0}
                                                                                                       ChangeInfo{c1da45f container=Task{88f1785 #419 type=standard A=11393:com.app.ralaunch} flags=0x0}
                                                                                                       ChangeInfo{12e1eac container=Task{a13a25a #11 type=home I=com.miui.home/.launcher.Launcher} flags=0x0}
                                                                                                       ChangeInfo{303a775 container=DefaultTaskDisplayArea@177186671 flags=0x0}
                                                                                                    ]
                                                                                                    })
2026-01-30 18:21:28.946 28360-901   ContentCatcher          com.app.ralaunch                     I  SettingTrigger : unregisterUIAgentListener com.app.ralaunch.ui.game.GameActivity, uid:11393
2026-01-30 18:21:28.960 28360-28360 InputTransport          com.app.ralaunch                     E  [MiInputConsumer] Could not find consume time for seq=3965845
2026-01-30 18:21:28.960 28360-28360 MiInputConsumer         com.app.ralaunch                     D  dump detail for missing seq 3965845
2026-01-30 18:21:28.960 28360-28360 MiInputConsumer         com.app.ralaunch                     D  window:7df9626 com.app.ralaunch/com.app.ralaunch.ui.game.GameActivity
2026-01-30 18:21:28.960 28360-28360 MiInputConsumer         com.app.ralaunch                     D  mLastReceviedMessage seq= 3965845 type= FOCUS   hasFocus=false
2026-01-30 18:21:28.960 28360-28360 MiInputConsumer         com.app.ralaunch                     D  mLastFinisedSeq = 3965469
2026-01-30 18:21:28.960 28360-28360 MiInputConsumer         com.app.ralaunch                     D  mResampleTouch = true
2026-01-30 18:21:28.960 28360-28360 MiInputConsumer         com.app.ralaunch                     D  mChannel = 7df9626 com.app.ralaunch/com.app.ralaunch.ui.game.GameActivity
2026-01-30 18:21:28.960 28360-28360 MiInputConsumer         com.app.ralaunch                     D  mMsgDeferred: false
2026-01-30 18:21:28.960 28360-28360 MiInputConsumer         com.app.ralaunch                     D  Batches:
2026-01-30 18:21:28.960 28360-28360 MiInputConsumer         com.app.ralaunch                     D      <empty>
2026-01-30 18:21:28.960 28360-28360 MiInputConsumer         com.app.ralaunch                     D  mSeqChains:
2026-01-30 18:21:28.960 28360-28360 MiInputConsumer         com.app.ralaunch                     D      <empty>
2026-01-30 18:21:28.960 28360-28360 MiInputConsumer         com.app.ralaunch                     D  mConsumeTimes:
2026-01-30 18:21:28.960 28360-28360 MiInputConsumer         com.app.ralaunch                     D      seq = 3965470 consumeTime = 195969573878159    seq = 3964594 consumeTime = 195916785336304
2026-01-30 18:21:28.961  5273-6883  ActivityManagerWrapper  com.miui.home                        E  getRecentTasksForceIncludingTaskIdIfValid: getRecentTasks: size=6
                                                                                                     mainTaskId=419   userId=0   windowMode=1   baseIntent=Intent { act=android.intent.action.MAIN flag=268435456 cmp=ComponentInfo{com.app.ralaunch/com.app.ralaunch.ui.init.InitializationActivity} }
                                                                                                     mainTaskId=413   userId=0   windowMode=1   baseIntent=Intent { act=android.intent.action.SEND flag=453509121 cmp=ComponentInfo{com.tencent.mobileqq/com.tencent.mobileqq.activity.JumpActivity} }
                                                                                                     mainTaskId=390   userId=0   windowMode=1   baseIntent=Intent { act=android.intent.action.MAIN flag=270532608 cmp=ComponentInfo{com.tencent.mobileqq/com.tencent.mobileqq.activity.SplashActivity} }
                                                                                                     mainTaskId=399   userId=0   windowMode=1   baseIntent=Intent { act=android.intent.action.MAIN flag=270532608 cmp=ComponentInfo{bin.mt.plus/bin.mt.plus.MainLightIcon} }
                                                                                                     mainTaskId=405   userId=0   windowMode=1   baseIntent=Intent { act=android.intent.action.SEND flag=268435457 cmp=ComponentInfo{com.vivo.easyshare/com.vivo.easyshare.activity.TransferQrCodeActivity} }
                                                                                                     mainTaskId=396   userId=0   windowMode=1   baseIntent=Intent { act=android.intent.action.MAIN flag=270532608 cmp=ComponentInfo{com.android.settings/com.android.settings.MainSettings} }
2026-01-30 18:21:28.966  5273-6245  TaskKeyLruCache         com.miui.home                        E  Unexpected null key or value: TaskKey{id=419, stackId=0, baseIntent=Intent { act=android.intent.action.MAIN cat=[android.intent.category.LAUNCHER] flg=0x10000000 cmp=com.app.ralaunch/.ui.init.InitializationActivity }, userId=0, lastActiveTime=292648808, windowingMode=1, isThumbnailBlur=false, isAccessLocked=false, isScreening=false, topActivity=ComponentInfo{com.app.ralaunch/com.app.ralaunch.ui.game.GameActivity}, mHashCode=13405981}, null
2026-01-30 18:21:29.028  5273-6883  ActivityManagerWrapper  com.miui.home                        E  getRecentTasksForceIncludingTaskIdIfValid: getRecentTasks: size=6
                                                                                                     mainTaskId=419   userId=0   windowMode=1   baseIntent=Intent { act=android.intent.action.MAIN flag=268435456 cmp=ComponentInfo{com.app.ralaunch/com.app.ralaunch.ui.init.InitializationActivity} }
                                                                                                     mainTaskId=413   userId=0   windowMode=1   baseIntent=Intent { act=android.intent.action.SEND flag=453509121 cmp=ComponentInfo{com.tencent.mobileqq/com.tencent.mobileqq.activity.JumpActivity} }
                                                                                                     mainTaskId=390   userId=0   windowMode=1   baseIntent=Intent { act=android.intent.action.MAIN flag=270532608 cmp=ComponentInfo{com.tencent.mobileqq/com.tencent.mobileqq.activity.SplashActivity} }
                                                                                                     mainTaskId=399   userId=0   windowMode=1   baseIntent=Intent { act=android.intent.action.MAIN flag=270532608 cmp=ComponentInfo{bin.mt.plus/bin.mt.plus.MainLightIcon} }
                                                                                                     mainTaskId=405   userId=0   windowMode=1   baseIntent=Intent { act=android.intent.action.SEND flag=268435457 cmp=ComponentInfo{com.vivo.easyshare/com.vivo.easyshare.activity.TransferQrCodeActivity} }
                                                                                                     mainTaskId=396   userId=0   windowMode=1   baseIntent=Intent { act=android.intent.action.MAIN flag=270532608 cmp=ComponentInfo{com.android.settings/com.android.settings.MainSettings} }
2026-01-30 18:21:29.037  2916-2982  WindowManager           system_server                        E   source = Task{88f1785 #419 type=standard A=11393:com.app.ralaunch} excludeMiuiNavBar = true excludeMiuiStatusBar = true excludeIme = true excludeNavBar = true miuiNavSurfaceControl = Surface(name=NavigationBar Container of Task = 419#104143)/@0x3f5b9da miuiStatusSurfaceControl = Surface(name=StatusBar Container of Task = 419#104144)/@0x56674e8
2026-01-30 18:21:29.065 28360-837   BLASTBufferQueue        com.app.ralaunch                     D  onGameOptimizeParameter: new GameOptimizeInfo game: no valid app, VsyncBuffergame: no valid app, mOptimizeEnable: 0, mSuperTouchEnable: 0,mVsyncBufferEnable: 0,mPendingBufferEnable 0,mNeedDynamicDropBuffer: 0, mNeedFirstFrameDropBuffer: 0
2026-01-30 18:21:29.295 28360-28360 MiInputConsumer         com.app.ralaunch                     D    #00 pc 0000000000006108  /system_ext/lib64/libmiinput.so (android::MiInputConsumerStubImpl::dumpForSeqMissingError(unsigned int, bool)+1040) (BuildId: cd8530cc938694461f124fcc60f1e645)
2026-01-30 18:21:29.295 28360-28360 MiInputConsumer         com.app.ralaunch                     D    #01 pc 00000000000067dc  /system_ext/lib64/libmiinput.so (android::MiInputConsumerStubImpl::handleSeqMissingError(unsigned int)+80) (BuildId: cd8530cc938694461f124fcc60f1e645)
2026-01-30 18:21:29.295 28360-28360 MiInputConsumer         com.app.ralaunch                     D    #02 pc 000000000016e924  /system/lib64/libinput.so (android::InputConsumer::getConsumeTime(unsigned int) const+308) (BuildId: 538f68e55d142d8f6bf2c47932d47797)
2026-01-30 18:21:29.295 28360-28360 MiInputConsumer         com.app.ralaunch                     D    #03 pc 000000000016e5c8  /system/lib64/libinput.so (android::InputConsumer::sendUnchainedFinishedSignal(unsigned int, bool)+96) (BuildId: 538f68e55d142d8f6bf2c47932d47797)
2026-01-30 18:21:29.295 28360-28360 MiInputConsumer         com.app.ralaunch                     D    #04 pc 000000000016ba8c  /system/lib64/libinput.so (android::InputConsumer::sendFinishedSignal(unsigned int, bool)+860) (BuildId: 538f68e55d142d8f6bf2c47932d47797)
2026-01-30 18:21:29.295 28360-28360 MiInputConsumer         com.app.ralaunch                     D    #05 pc 00000000001b6d64  /system/lib64/libandroid_runtime.so (android::NativeInputEventReceiver::processOutboundEvents()+140) (BuildId: 290108a3549fc8bb2ce80aaa108545f7)
2026-01-30 18:21:29.295 28360-28360 MiInputConsumer         com.app.ralaunch                     D    #06 pc 00000000001b754c  /system/lib64/libandroid_runtime.so (android::NativeInputEventReceiver::consumeEvents(_JNIEnv*, bool, long, bool*)+608) (BuildId: 290108a3549fc8bb2ce80aaa108545f7)
2026-01-30 18:21:29.295 28360-28360 MiInputConsumer         com.app.ralaunch                     D    #07 pc 00000000001b71f8  /system/lib64/libandroid_runtime.so (android::NativeInputEventReceiver::handleEvent(int, int, void*)+148) (BuildId: 290108a3549fc8bb2ce80aaa108545f7)
2026-01-30 18:21:29.295 28360-28360 MiInputConsumer         com.app.ralaunch                     D    #08 pc 0000000000035b54  /system/lib64/libutils.so (android::Looper::pollOnce(int, int*, int*, void**)+660) (BuildId: 8417c8451d209d96a49c993d3a378fdc)
2026-01-30 18:21:29.295 28360-28360 MiInputConsumer         com.app.ralaunch                     D    #09 pc 00000000001f1224  /system/lib64/libandroid_runtime.so (android::android_os_MessageQueue_nativePollOnce(_JNIEnv*, _jobject*, long, int)+48) (BuildId: 290108a3549fc8bb2ce80aaa108545f7)
2026-01-30 18:21:29.295 28360-28360 MiInputConsumer         com.app.ralaunch                     D    #10 pc 00000000020b843c  /memfd:jit-cache (deleted) (offset 0x2000000) (art_jni_trampoline+140)
2026-01-30 18:21:29.295 28360-28360 MiInputConsumer         com.app.ralaunch                     D    #11 pc 000000000205b7dc  /memfd:jit-cache (deleted) (offset 0x2000000) (android.os.MessageQueue.nextLegacy+412)
2026-01-30 18:21:29.295 28360-28360 MiInputConsumer         com.app.ralaunch                     D    #12 pc 000000000205b4e8  /memfd:jit-cache (deleted) (offset 0x2000000) (android.os.MessageQueue.next+120)
2026-01-30 18:21:29.295 28360-28360 MiInputConsumer         com.app.ralaunch                     D    #13 pc 000000000205a61c  /memfd:jit-cache (deleted) (offset 0x2000000) (android.os.Looper.loopOnce+172)
2026-01-30 18:21:29.295 28360-28360 MiInputConsumer         com.app.ralaunch                     D    #14 pc 000000000034b860  /apex/com.android.art/lib64/libart.so (art_quick_invoke_static_stub+640) (BuildId: b12b0b9bbdc282e322b0331484b3c624)
2026-01-30 18:21:29.295 28360-28360 MiInputConsumer         com.app.ralaunch                     D    #15 pc 0000000000684164  /apex/com.android.art/lib64/libart.so (bool art::interpreter::DoCall<false>(art::ArtMethod*, art::Thread*, art::ShadowFrame&, art::Instruction const*, unsigned short, bool, art::JValue*)+2056) (BuildId: b12b0b9bbdc282e322b0331484b3c624)
2026-01-30 18:21:29.295 28360-28360 MiInputConsumer         com.app.ralaunch                     D    #16 pc 000000000068dd68  /apex/com.android.art/lib64/libart.so (void art::interpreter::ExecuteSwitchImplCpp<false>(art::interpreter::SwitchImplContext*)+1412) (BuildId: b12b0b9bbdc282e322b0331484b3c624)
2026-01-30 18:21:29.295 28360-28360 MiInputConsumer         com.app.ralaunch                     D    #17 pc 0000000000287d98  /apex/com.android.art/lib64/libart.so (ExecuteSwitchImplAsm+8) (BuildId: b12b0b9bbdc282e322b0331484b3c624)
2026-01-30 18:21:29.295 28360-28360 MiInputConsumer         com.app.ralaunch                     D    #18 pc 0000000000295758  /system/framework/framework.jar (offset 0x1248000) (android.os.Looper.loop)
2026-01-30 18:21:29.295 28360-28360 MiInputConsumer         com.app.ralaunch                     D    #19 pc 000000000028777c  /apex/com.android.art/lib64/libart.so (art::interpreter::ArtInterpreterToInterpreterBridge(art::Thread*, art::CodeItemDataAccessor const&, art::ShadowFrame*, art::JValue*)+420) (BuildId: b12b0b9bbdc282e322b0331484b3c624)
2026-01-30 18:21:29.295 28360-28360 MiInputConsumer         com.app.ralaunch                     D    #20 pc 0000000000684154  /apex/com.android.art/lib64/libart.so (bool art::interpreter::DoCall<false>(art::ArtMethod*, art::Thread*, art::ShadowFrame&, art::Instruction const*, unsigned short, bool, art::JValue*)+2040) (BuildId: b12b0b9bbdc282e322b0331484b3c624)
2026-01-30 18:21:29.295 28360-28360 MiInputConsumer         com.app.ralaunch                     D    #21 pc 000000000068dd68  /apex/com.android.art/lib64/libart.so (void art::interpreter::ExecuteSwitchImplCpp<false>(art::interpreter::SwitchImplContext*)+1412) (BuildId: b12b0b9bbdc282e322b0331484b3c624)
2026-01-30 18:21:29.295 28360-28360 MiInputConsumer         com.app.ralaunch                     D    #22 pc 0000000000287d98  /apex/com.android.art/lib64/libart.so (ExecuteSwitchImplAsm+8) (BuildId: b12b0b9bbdc282e322b0331484b3c624)
2026-01-30 18:21:29.295 28360-28360 MiInputConsumer         com.app.ralaunch                     D    #23 pc 00000000001dfc10  /system/framework/framework.jar (offset 0x7000) (android.app.ActivityThread.main)
2026-01-30 18:21:29.295 28360-28360 MiInputConsumer         com.app.ralaunch                     D    #24 pc 0000000000289260  /apex/com.android.art/lib64/libart.so (art::interpreter::Execute(art::Thread*, art::CodeItemDataAccessor const&, art::ShadowFrame&, art::JValue, bool, bool) (.__uniq.112435418011751916792819755956732575238.llvm.5583732952991658063)+336) (BuildId: b12b0b9bbdc282e322b0331484b3c624)
2026-01-30 18:21:29.295 28360-28360 MiInputConsumer         com.app.ralaunch                     D    #25 pc 0000000000288a98  /apex/com.android.art/lib64/libart.so (artQuickToInterpreterBridge+908) (BuildId: b12b0b9bbdc282e322b0331484b3c624)
2026-01-30 18:21:29.295 28360-28360 MiInputConsumer         com.app.ralaunch                     D    #26 pc 0000000000362a38  /apex/com.android.art/lib64/libart.so (art_quick_to_interpreter_bridge+88) (BuildId: b12b0b9bbdc282e322b0331484b3c624)
2026-01-30 18:21:29.295 28360-28360 MiInputConsumer         com.app.ralaunch                     D    #27 pc 000000000034b860  /apex/com.android.art/lib64/libart.so (art_quick_invoke_static_stub+640) (BuildId: b12b0b9bbdc282e322b0331484b3c624)
2026-01-30 18:21:29.295 28360-28360 MiInputConsumer         com.app.ralaunch                     D    #28 pc 00000000003453b4  /apex/com.android.art/lib64/libart.so (_jobject* art::InvokeMethod<(art::PointerSize)8>(art::ScopedObjectAccessAlreadyRunnable const&, _jobject*, _jobject*, _jobject*, unsigned long)+548) (BuildId: b12b0b9bbdc282e322b0331484b3c624)
2026-01-30 18:21:29.295 28360-28360 MiInputConsumer         com.app.ralaunch                     D    #29 pc 0000000000328d94  /apex/com.android.art/lib64/libart.so (art::Method_invoke(_JNIEnv*, _jobject*, _jobject*, _jobjectArray*) (.__uniq.165753521025965369065708152063621506277)+36) (BuildId: b12b0b9bbdc282e322b0331484b3c624)
2026-01-30 18:21:29.295 28360-28360 MiInputConsumer         com.app.ralaunch                     D    #30 pc 0000000000362900  /apex/com.android.art/lib64/libart.so (art_quick_generic_jni_trampoline+144) (BuildId: b12b0b9bbdc282e322b0331484b3c624)
2026-01-30 18:21:29.295 28360-28360 MiInputConsumer         com.app.ralaunch                     D    #31 pc 000000000034b594  /apex/com.android.art/lib64/libart.so (art_quick_invoke_stub+612) (BuildId: b12b0b9bbdc282e322b0331484b3c624)
2026-01-30 18:21:29.295 28360-28360 MiInputConsumer         com.app.ralaunch                     D    #32 pc 0000000000683f88  /apex/com.android.art/lib64/libart.so (bool art::interpreter::DoCall<false>(art::ArtMethod*, art::Thread*, art::ShadowFrame&, art::Instruction const*, unsigned short, bool, art::JValue*)+1580) (BuildId: b12b0b9bbdc282e322b0331484b3c624)
2026-01-30 18:21:29.295 28360-28360 MiInputConsumer         com.app.ralaunch                     D    #33 pc 000000000068dc24  /apex/com.android.art/lib64/libart.so (void art::interpreter::ExecuteSwitchImplCpp<false>(art::interpreter::SwitchImplContext*)+1088) (BuildId: b12b0b9bbdc282e322b0331484b3c624)
2026-01-30 18:21:29.295 28360-28360 MiInputConsumer         com.app.ralaunch                     D    #34 pc 0000000000287d98  /apex/com.android.art/lib64/libart.so (ExecuteSwitchImplAsm+8) (BuildId: b12b0b9bbdc282e322b0331484b3c624)
2026-01-30 18:21:29.295 28360-28360 MiInputConsumer         com.app.ralaunch                     D    #35 pc 000000000035f898  /system/framework/framework.jar (offset 0x241d000) (com.android.internal.os.RuntimeInit$MethodAndArgsCaller.run)
2026-01-30 18:21:29.295 28360-28360 MiInputConsumer         com.app.ralaunch                     D    #36 pc 0000000000289260  /apex/com.android.art/lib64/libart.so (art::interpreter::Execute(art::Thread*, art::CodeItemDataAccessor const&, art::ShadowFrame&, art::JValue, bool, bool) (.__uniq.112435418011751916792819755956732575238.llvm.5583732952991658063)+336) (BuildId: b12b0b9bbdc282e322b0331484b3c624)
2026-01-30 18:21:29.295 28360-28360 MiInputConsumer         com.app.ralaunch                     D    #37 pc 0000000000288a98  /apex/com.android.art/lib64/libart.so (artQuickToInterpreterBridge+908) (BuildId: b12b0b9bbdc282e322b0331484b3c624)
2026-01-30 18:21:29.295 28360-28360 MiInputConsumer         com.app.ralaunch                     D    #38 pc 0000000000362a38  /apex/com.android.art/lib64/libart.so (art_quick_to_interpreter_bridge+88) (BuildId: b12b0b9bbdc282e322b0331484b3c624)
2026-01-30 18:21:29.295 28360-28360 MiInputConsumer         com.app.ralaunch                     D    #39 pc 00000000009b5da0  /system/framework/arm64/boot-framework.oat (com.android.internal.os.ZygoteInit.main+3808) (BuildId: 0c4de313281239bf4abd4014a5d668f6f9ea63e4)
2026-01-30 18:21:29.295 28360-28360 MiInputConsumer         com.app.ralaunch                     D    #40 pc 000000000034b860  /apex/com.android.art/lib64/libart.so (art_quick_invoke_static_stub+640) (BuildId: b12b0b9bbdc282e322b0331484b3c624)
2026-01-30 18:21:29.295 28360-28360 MiInputConsumer         com.app.ralaunch                     D    #41 pc 000000000034a378  /apex/com.android.art/lib64/libart.so (art::JValue art::InvokeWithVarArgs<_jmethodID*>(art::ScopedObjectAccessAlreadyRunnable const&, _jobject*, _jmethodID*, std::__va_list)+788) (BuildId: b12b0b9bbdc282e322b0331484b3c624)
2026-01-30 18:21:29.295 28360-28360 MiInputConsumer         com.app.ralaunch                     D    #42 pc 0000000000651200  /apex/com.android.art/lib64/libart.so (art::JNI<true>::CallStaticVoidMethodV(_JNIEnv*, _jclass*, _jmethodID*, std::__va_list)+164) (BuildId: b12b0b9bbdc282e322b0331484b3c624)
2026-01-30 18:21:29.295 28360-28360 MiInputConsumer         com.app.ralaunch                     D    #43 pc 000000000010fabc  /system/lib64/libandroid_runtime.so (_JNIEnv::CallStaticVoidMethod(_jclass*, _jmethodID*, ...)+108) (BuildId: 290108a3549fc8bb2ce80aaa108545f7)
2026-01-30 18:21:29.295 28360-28360 MiInputConsumer         com.app.ralaunch                     D    #44 pc 000000000013ce74  /system/lib64/libandroid_runtime.so (android::AndroidRuntime::start(char const*, android::Vector<android::String8> const&, bool)+1148) (BuildId: 290108a3549fc8bb2ce80aaa108545f7)
2026-01-30 18:21:29.295 28360-28360 MiInputConsumer         com.app.ralaunch                     D    #45 pc 000000000000275c  /system/bin/app_process64 (main+1692) (BuildId: d92284d47f0fef007a4696dde3ec5f24)
2026-01-30 18:21:29.295 28360-28360 MiInputConsumer         com.app.ralaunch                     D    #46 pc 000000000006a074  /apex/com.android.runtime/lib64/bionic/libc.so (__libc_init+124) (BuildId: 75749dea799cc5286bb2fbf1bd4c257c)
2026-01-30 18:21:29.295  2916-4484  MiInputDispatcher       system_server                        E  Could not find consume time for seq=3965845 window=7df9626 com.app.ralaunch/com.app.ralaunch.ui.game.GameActivity
2026-01-30 18:21:29.297  2916-4484  MiInputDispatcher       system_server                        E        12: name=7df9626 com.app.ralaunch/com.app.ralaunch.ui.game.GameActivity, id=-2147284575, displayId=601, inputConfig=NO_INPUT_CHANNEL | NOT_FOCUSABLE | NOT_TOUCHABLE | CLONE, miuiFlags=0x0, alpha=1, frame=[6,136][80,169], globalScale=1, applicationInfo.name=ActivityRecord{120192945 u0 com.app.ralaunch/.ui.game.GameActivity t419}, applicationInfo.token=0xb400006f580bf850, touchableRegion=<empty>, ownerPid=28360, ownerUid=11393, dispatchingTimeout=0ms, token=0x0, touchOcclusionMode=USE_OPACITY, needMiuiEmbeddedEventMapping=0, miuiEmbeddedHotRegion=<empty>, miuiEmbeddedMidRegion=<empty>, canOccludePresentation
2026-01-30 18:21:29.297  2916-4484  MiInputDispatcher       system_server                        E        13: name=e4ec3a SurfaceView[com.app.ralaunch/com.app.ralaunch.ui.game.GameActivity](BLAST)#104367, id=-2147284572, displayId=601, inputConfig=NO_INPUT_CHANNEL | CLONE, miuiFlags=0x0, alpha=1, frame=[6,136][80,169], globalScale=1, applicationInfo.name=, applicationInfo.token=<null>, touchableRegion=<empty>, ownerPid=28360, ownerUid=11393, dispatchingTimeout=5000ms, token=0x0, touchOcclusionMode=USE_OPACITY, needMiuiEmbeddedEventMapping=0, miuiEmbeddedHotRegion=<empty>, miuiEmbeddedMidRegion=<empty>, canOccludePresentation
2026-01-30 18:21:29.297  2916-4484  MiInputDispatcher       system_server                        E        14: name=Background for e4ec3a SurfaceView[com.app.ralaunch/com.app.ralaunch.ui.game.GameActivity]#104368, id=-2147284571, displayId=601, inputConfig=NO_INPUT_CHANNEL | CLONE, miuiFlags=0x0, alpha=1, frame=[6,136][6,136], globalScale=1, applicationInfo.name=, applicationInfo.token=<null>, touchableRegion=<empty>, ownerPid=28360, ownerUid=11393, dispatchingTimeout=5000ms, token=0x0, touchOcclusionMode=USE_OPACITY, needMiuiEmbeddedEventMapping=0, miuiEmbeddedHotRegion=<empty>, miuiEmbeddedMidRegion=<empty>, canOccludePresentation
2026-01-30 18:21:29.297  2916-4484  MiInputDispatcher       system_server                        E        13: name=7df9626 com.app.ralaunch/com.app.ralaunch.ui.game.GameActivity, id=104364, displayId=0, inputConfig=NO_INPUT_CHANNEL | NOT_FOCUSABLE | NOT_TOUCHABLE, miuiFlags=0x0, alpha=1, frame=[285,145][1063,1872], globalScale=1, applicationInfo.name=ActivityRecord{120192945 u0 com.app.ralaunch/.ui.game.GameActivity t419}, applicationInfo.token=0xb400006f580bf850, touchableRegion=<empty>, ownerPid=28360, ownerUid=11393, dispatchingTimeout=0ms, token=0x0, touchOcclusionMode=USE_OPACITY, needMiuiEmbeddedEventMapping=0, miuiEmbeddedHotRegion=<empty>, miuiEmbeddedMidRegion=<empty>, canOccludePresentation
2026-01-30 18:21:29.297  2916-4484  MiInputDispatcher       system_server                        E        14: name=e4ec3a SurfaceView[com.app.ralaunch/com.app.ralaunch.ui.game.GameActivity](BLAST)#104367, id=104367, displayId=0, inputConfig=NO_INPUT_CHANNEL, miuiFlags=0x0, alpha=1, frame=[285,145][1063,1872], globalScale=1, applicationInfo.name=, applicationInfo.token=<null>, touchableRegion=<empty>, ownerPid=28360, ownerUid=11393, dispatchingTimeout=5000ms, token=0x0, touchOcclusionMode=USE_OPACITY, needMiuiEmbeddedEventMapping=0, miuiEmbeddedHotRegion=<empty>, miuiEmbeddedMidRegion=<empty>, canOccludePresentation
2026-01-30 18:21:29.297  2916-4484  MiInputDispatcher       system_server                        E        15: name=Background for e4ec3a SurfaceView[com.app.ralaunch/com.app.ralaunch.ui.game.GameActivity]#104368, id=104368, displayId=0, inputConfig=NO_INPUT_CHANNEL, miuiFlags=0x0, alpha=1, frame=[1063,145][1063,145], globalScale=1, applicationInfo.name=, applicationInfo.token=<null>, touchableRegion=<empty>, ownerPid=28360, ownerUid=11393, dispatchingTimeout=5000ms, token=0x0, touchOcclusionMode=USE_OPACITY, needMiuiEmbeddedEventMapping=0, miuiEmbeddedHotRegion=<empty>, miuiEmbeddedMidRegion=<empty>, canOccludePresentation
2026-01-30 18:21:29.297  2916-4484  MiInputDispatcher       system_server                        E      1066: channelName='7df9626 com.app.ralaunch/com.app.ralaunch.ui.game.GameActivity', status=NORMAL, monitor=false, responsive=true
2026-01-30 18:21:29.297  2916-4484  MiInputDispatcher       system_server                        E      1026: channelName='f629530 com.app.ralaunch/com.app.ralaunch.ui.main.MainActivityCompose', status=NORMAL, monitor=false, responsive=true
2026-01-30 18:21:29.298 28360-28360 SDL                     com.app.ralaunch                     V  nativeFocusChanged()
2026-01-30 18:21:29.321 28360-28360 VRI[GameActivity]       com.app.ralaunch                     D  getMiuiFreeformStackInfo mTmpFrames.miuiFreeFormStackInfo: null
2026-01-30 18:21:29.502 28360-957   AudioTrackImpl          com.app.ralaunch                     D  [audioTrackData][zero] 9s(f:17552 m:0 s:0 k:0 z:9039) : pid 28360 uid 11393 sessionId 19073 sr 48000 ch 2 fmt 5
2026-01-30 18:21:29.887  2916-4484  MiInputDispatcher       system_server                        E        11: name=7df9626 com.app.ralaunch/com.app.ralaunch.ui.game.GameActivity, id=-2147284575, displayId=601, inputConfig=NO_INPUT_CHANNEL | NOT_FOCUSABLE | NOT_TOUCHABLE | CLONE, miuiFlags=0x0, alpha=1, frame=[8,140][67,166], globalScale=1, applicationInfo.name=ActivityRecord{120192945 u0 com.app.ralaunch/.ui.game.GameActivity t419}, applicationInfo.token=0xb400006f580bf850, touchableRegion=<empty>, ownerPid=28360, ownerUid=11393, dispatchingTimeout=0ms, token=0x0, touchOcclusionMode=USE_OPACITY, needMiuiEmbeddedEventMapping=0, miuiEmbeddedHotRegion=<empty>, miuiEmbeddedMidRegion=<empty>, canOccludePresentation
2026-01-30 18:21:29.887  2916-4484  MiInputDispatcher       system_server                        E        12: name=e4ec3a SurfaceView[com.app.ralaunch/com.app.ralaunch.ui.game.GameActivity](BLAST)#104367, id=-2147284572, displayId=601, inputConfig=NO_INPUT_CHANNEL | CLONE, miuiFlags=0x0, alpha=1, frame=[8,140][67,166], globalScale=1, applicationInfo.name=, applicationInfo.token=<null>, touchableRegion=<empty>, ownerPid=28360, ownerUid=11393, dispatchingTimeout=5000ms, token=0x0, touchOcclusionMode=USE_OPACITY, needMiuiEmbeddedEventMapping=0, miuiEmbeddedHotRegion=<empty>, miuiEmbeddedMidRegion=<empty>, canOccludePresentation
2026-01-30 18:21:29.887  2916-4484  MiInputDispatcher       system_server                        E        13: name=Background for e4ec3a SurfaceView[com.app.ralaunch/com.app.ralaunch.ui.game.GameActivity]#104368, id=-2147284571, displayId=601, inputConfig=NO_INPUT_CHANNEL | CLONE, miuiFlags=0x0, alpha=1, frame=[8,140][8,140], globalScale=1, applicationInfo.name=, applicationInfo.token=<null>, touchableRegion=<empty>, ownerPid=28360, ownerUid=11393, dispatchingTimeout=5000ms, token=0x0, touchOcclusionMode=USE_OPACITY, needMiuiEmbeddedEventMapping=0, miuiEmbeddedHotRegion=<empty>, miuiEmbeddedMidRegion=<empty>, canOccludePresentation
2026-01-30 18:21:29.887  2916-4484  MiInputDispatcher       system_server                        E        12: name=7df9626 com.app.ralaunch/com.app.ralaunch.ui.game.GameActivity, id=104364, displayId=0, inputConfig=NO_INPUT_CHANNEL | NOT_FOCUSABLE | NOT_TOUCHABLE, miuiFlags=0x0, alpha=1, frame=[351,179][976,1568], globalScale=1, applicationInfo.name=ActivityRecord{120192945 u0 com.app.ralaunch/.ui.game.GameActivity t419}, applicationInfo.token=0xb400006f580bf850, touchableRegion=<empty>, ownerPid=28360, ownerUid=11393, dispatchingTimeout=0ms, token=0x0, touchOcclusionMode=USE_OPACITY, needMiuiEmbeddedEventMapping=0, miuiEmbeddedHotRegion=<empty>, miuiEmbeddedMidRegion=<empty>, canOccludePresentation
2026-01-30 18:21:29.887  2916-4484  MiInputDispatcher       system_server                        E        13: name=e4ec3a SurfaceView[com.app.ralaunch/com.app.ralaunch.ui.game.GameActivity](BLAST)#104367, id=104367, displayId=0, inputConfig=NO_INPUT_CHANNEL, miuiFlags=0x0, alpha=1, frame=[351,179][976,1568], globalScale=1, applicationInfo.name=, applicationInfo.token=<null>, touchableRegion=<empty>, ownerPid=28360, ownerUid=11393, dispatchingTimeout=5000ms, token=0x0, touchOcclusionMode=USE_OPACITY, needMiuiEmbeddedEventMapping=0, miuiEmbeddedHotRegion=<empty>, miuiEmbeddedMidRegion=<empty>, canOccludePresentation
2026-01-30 18:21:29.887  2916-4484  MiInputDispatcher       system_server                        E        14: name=Background for e4ec3a SurfaceView[com.app.ralaunch/com.app.ralaunch.ui.game.GameActivity]#104368, id=104368, displayId=0, inputConfig=NO_INPUT_CHANNEL, miuiFlags=0x0, alpha=1, frame=[976,179][976,179], globalScale=1, applicationInfo.name=, applicationInfo.token=<null>, touchableRegion=<empty>, ownerPid=28360, ownerUid=11393, dispatchingTimeout=5000ms, token=0x0, touchOcclusionMode=USE_OPACITY, needMiuiEmbeddedEventMapping=0, miuiEmbeddedHotRegion=<empty>, miuiEmbeddedMidRegion=<empty>, canOccludePresentation
2026-01-30 18:21:29.887  2916-4484  MiInputDispatcher       system_server                        E      1066: channelName='7df9626 com.app.ralaunch/com.app.ralaunch.ui.game.GameActivity', status=NORMAL, monitor=false, responsive=true
2026-01-30 18:21:29.887  2916-4484  MiInputDispatcher       system_server                        E      1026: channelName='f629530 com.app.ralaunch/com.app.ralaunch.ui.main.MainActivityCompose', status=NORMAL, monitor=false, responsive=true
2026-01-30 18:21:29.911  2916-4484  MiInputDispatcher       system_server                        E        11: name=7df9626 com.app.ralaunch/com.app.ralaunch.ui.game.GameActivity, id=-2147284575, displayId=601, inputConfig=NO_INPUT_CHANNEL | NOT_FOCUSABLE | NOT_TOUCHABLE | CLONE, miuiFlags=0x0, alpha=1, frame=[8,140][67,166], globalScale=1, applicationInfo.name=ActivityRecord{120192945 u0 com.app.ralaunch/.ui.game.GameActivity t419}, applicationInfo.token=0xb400006f580bf850, touchableRegion=<empty>, ownerPid=28360, ownerUid=11393, dispatchingTimeout=0ms, token=0x0, touchOcclusionMode=USE_OPACITY, needMiuiEmbeddedEventMapping=0, miuiEmbeddedHotRegion=<empty>, miuiEmbeddedMidRegion=<empty>, canOccludePresentation
2026-01-30 18:21:29.911  2916-4484  MiInputDispatcher       system_server                        E        12: name=e4ec3a SurfaceView[com.app.ralaunch/com.app.ralaunch.ui.game.GameActivity](BLAST)#104367, id=-2147284572, displayId=601, inputConfig=NO_INPUT_CHANNEL | CLONE, miuiFlags=0x0, alpha=1, frame=[8,140][67,166], globalScale=1, applicationInfo.name=, applicationInfo.token=<null>, touchableRegion=<empty>, ownerPid=28360, ownerUid=11393, dispatchingTimeout=5000ms, token=0x0, touchOcclusionMode=USE_OPACITY, needMiuiEmbeddedEventMapping=0, miuiEmbeddedHotRegion=<empty>, miuiEmbeddedMidRegion=<empty>, canOccludePresentation
